             VMA              LMA     Size Align Out     In      Symbol
             2e0              2e0       24     4 .note.gnu.build-id
             2e0              2e0       24     4         <internal>:(.note.gnu.build-id)
             308              308       20     8 .note.gnu.property
             308              308       20     8         <internal>:(.note.gnu.property)
             328              328     8658     8 .dynsym
             328              328     8658     8         <internal>:(.dynsym)
            8980             8980      b32     2 .gnu.version
            8980             8980      b32     2         <internal>:(.gnu.version)
            94b4             94b4      1e0     4 .gnu.version_r
            94b4             94b4      1e0     4         <internal>:(.gnu.version_r)
            9698             9698     1dac     8 .gnu.hash
            9698             9698     1dac     8         <internal>:(.gnu.hash)
            b444             b444    15f38     1 .dynstr
            b444             b444    15f38     1         <internal>:(.dynstr)
           21380            21380     6f48     8 .rela.dyn
           21380            21380     6f48     8         <internal>:(.rela.dyn)
           282c8            282c8     2eb0     8 .rela.plt
           282c8            282c8     2eb0     8         <internal>:(.rela.plt)
           2b180            2b180     3f90    32 .rodata
           2b180            2b180      ca0     1         <internal>:(.rodata._ZNK7sc_core9sc_module4kindEv.str1.1)
           2be20            2be20     10f9     8         <internal>:(.rodata.str1.8)
           2cf1c            2cf1c       84     4         CMakeFiles/qbox.dir/systemc-components/common/src/cciutils.cc.o:(.rodata._ZNSt8__detail8_ScannerIcE18_M_eat_escape_ecmaEv)
           2cfa0            2cfa0       34     4         CMakeFiles/qbox.dir/systemc-components/common/src/cciutils.cc.o:(.rodata._ZNSt8__detail9_ExecutorIN9__gnu_cxx17__normal_iteratorIPKcNSt7__cxx1112basic_stringIcSt11char_traitsIcESaIcEEEEESaINS5_9sub_matchISB_EEENS5_12regex_traitsIcEELb0EE6_M_dfsENSH_11_Match_modeEl)
           2cfd4            2cfd4       34     4         CMakeFiles/qbox.dir/systemc-components/common/src/cciutils.cc.o:(.rodata._ZNSt8__detail9_ExecutorIN9__gnu_cxx17__normal_iteratorIPKcNSt7__cxx1112basic_stringIcSt11char_traitsIcESaIcEEEEESaINS5_9sub_matchISB_EEENS5_12regex_traitsIcEELb1EE6_M_dfsENSH_11_Match_modeEl)
           2d020            2d020       2f    32         CMakeFiles/qbox.dir/systemc-components/common/src/cciutils.cc.o:(.rodata._ZTSSt11_Mutex_baseILN9__gnu_cxx12_Lock_policyE2EE)
           2d020            2d020       2f     1                 typeinfo name for std::_Mutex_base<(__gnu_cxx::_Lock_policy)2>
           2d050            2d050       18    16         CMakeFiles/qbox.dir/systemc-components/common/src/cciutils.cc.o:(.rodata._ZTSSt19_Sp_make_shared_tag)
           2d050            2d050       18     1                 typeinfo name for std::_Sp_make_shared_tag
           2d080            2d080       34    32         CMakeFiles/qbox.dir/systemc-components/common/src/cciutils.cc.o:(.rodata._ZTSSt16_Sp_counted_baseILN9__gnu_cxx12_Lock_policyE2EE)
           2d080            2d080       34     1                 typeinfo name for std::_Sp_counted_base<(__gnu_cxx::_Lock_policy)2>
           2d0c0            2d0c0       1f    16         CMakeFiles/qbox.dir/systemc-components/common/src/cciutils.cc.o:(.rodata._ZTSN7sc_core18sc_process_monitorE)
           2d0c0            2d0c0       1f     1                 typeinfo name for sc_core::sc_process_monitor
           2d0e0            2d0e0       25    32         CMakeFiles/qbox.dir/systemc-components/common/src/cciutils.cc.o:(.rodata._ZTSN3cci8cci_impl19callback_untyped_ifE)
           2d0e0            2d0e0       25     1                 typeinfo name for cci::cci_impl::callback_untyped_if
           2d110            2d110       1b    16         CMakeFiles/qbox.dir/systemc-components/common/src/cciutils.cc.o:(.rodata._ZTSN3tlm18tlm_extension_baseE)
           2d110            2d110       1b     1                 typeinfo name for tlm::tlm_extension_base
           2d140            2d140       30    32         CMakeFiles/qbox.dir/systemc-components/common/src/cciutils.cc.o:(.rodata._ZTSN3tlm13tlm_extensionINS_18tlm_endian_contextEEE)
           2d140            2d140       30     1                 typeinfo name for tlm::tlm_extension<tlm::tlm_endian_context>
           2d170            2d170       1b    16         CMakeFiles/qbox.dir/systemc-components/common/src/cciutils.cc.o:(.rodata._ZTSN3tlm18tlm_endian_contextE)
           2d170            2d170       1b     1                 typeinfo name for tlm::tlm_endian_context
           2d1a0            2d1a0       2c    32         CMakeFiles/qbox.dir/systemc-components/common/src/cciutils.cc.o:(.rodata._ZTSN3scp8ScLoggerILN7sc_core11sc_severityE2EEE)
           2d1a0            2d1a0       2c     1                 typeinfo name for scp::ScLogger<(sc_core::sc_severity)2>
           2d1d0            2d1d0       15    16         CMakeFiles/qbox.dir/systemc-components/common/src/cciutils.cc.o:(.rodata._ZTSN2gs13HelpSingletonE)
           2d1d0            2d1d0       15     1                 typeinfo name for gs::HelpSingleton
           2d200            2d200       2c    32         CMakeFiles/qbox.dir/systemc-components/common/src/cciutils.cc.o:(.rodata._ZTSN3scp8ScLoggerILN7sc_core11sc_severityE1EEE)
           2d200            2d200       2c     1                 typeinfo name for scp::ScLogger<(sc_core::sc_severity)1>
           2d240            2d240       8e    32         CMakeFiles/qbox.dir/systemc-components/common/src/cciutils.cc.o:(.rodata._ZTSN3cci8cci_impl17callback_typed_ifINS_19cci_callback_traitsIRKSt4pairINSt7__cxx1112basic_stringIcSt11char_traitsIcESaIcEEENS_9cci_valueEEbEEEE)
           2d240            2d240       8e     1                 typeinfo name for cci::cci_impl::callback_typed_if<cci::cci_callback_traits<std::pair<std::__cxx11::basic_string<char, std::char_traits<char>, std::allocator<char>>, cci::cci_value> const&, bool>>
           2d2e0            2d2e0      1a9    32         CMakeFiles/qbox.dir/systemc-components/common/src/cciutils.cc.o:(.rodata)
           2d2e0            2d2e0       c4     1                 typeinfo name for cci::cci_impl::callback_impl<gs::sc_cci_children(sc_core::sc_module_name)::'lambda'(std::pair<std::__cxx11::basic_string<char, std::char_traits<char>, std::allocator<char>>, cci::cci_value> const&), cci::cci_callback_traits<std::pair<std::__cxx11::basic_string<char, std::char_traits<char>, std::allocator<char>>, cci::cci_value> const&, bool>>
           2d3c0            2d3c0       c9     1                 typeinfo name for cci::cci_impl::callback_impl<gs::sc_cci_list_items(sc_core::sc_module_name, std::__cxx11::basic_string<char, std::char_traits<char>, std::allocator<char>>)::'lambda'(std::pair<std::__cxx11::basic_string<char, std::char_traits<char>, std::allocator<char>>, cci::cci_value> const&), cci::cci_callback_traits<std::pair<std::__cxx11::basic_string<char, std::char_traits<char>, std::allocator<char>>, cci::cci_value> const&, bool>>
           2d4a0            2d4a0       73    32         CMakeFiles/qbox.dir/systemc-components/common/src/cciutils.cc.o:(.rodata._ZTSSt23_Sp_counted_ptr_inplaceINSt8__detail4_NFAINSt7__cxx1112regex_traitsIcEEEESaIS5_ELN9__gnu_cxx12_Lock_policyE2EE)
           2d4a0            2d4a0       73     1                 typeinfo name for std::_Sp_counted_ptr_inplace<std::__detail::_NFA<std::__cxx11::regex_traits<char>>, std::allocator<std::__detail::_NFA<std::__cxx11::regex_traits<char>>>, (__gnu_cxx::_Lock_policy)2>
           2d520            2d520       46    32         CMakeFiles/qbox.dir/systemc-components/common/src/cciutils.cc.o:(.rodata._ZTSNSt8__detail11_AnyMatcherINSt7__cxx1112regex_traitsIcEELb0ELb0ELb0EEE)
           2d520            2d520       46     1                 typeinfo name for std::__detail::_AnyMatcher<std::__cxx11::regex_traits<char>, false, false, false>
           2d580            2d580       46    32         CMakeFiles/qbox.dir/systemc-components/common/src/cciutils.cc.o:(.rodata._ZTSNSt8__detail11_AnyMatcherINSt7__cxx1112regex_traitsIcEELb0ELb0ELb1EEE)
           2d580            2d580       46     1                 typeinfo name for std::__detail::_AnyMatcher<std::__cxx11::regex_traits<char>, false, false, true>
           2d5e0            2d5e0       46    32         CMakeFiles/qbox.dir/systemc-components/common/src/cciutils.cc.o:(.rodata._ZTSNSt8__detail11_AnyMatcherINSt7__cxx1112regex_traitsIcEELb0ELb1ELb0EEE)
           2d5e0            2d5e0       46     1                 typeinfo name for std::__detail::_AnyMatcher<std::__cxx11::regex_traits<char>, false, true, false>
           2d640            2d640       46    32         CMakeFiles/qbox.dir/systemc-components/common/src/cciutils.cc.o:(.rodata._ZTSNSt8__detail11_AnyMatcherINSt7__cxx1112regex_traitsIcEELb0ELb1ELb1EEE)
           2d640            2d640       46     1                 typeinfo name for std::__detail::_AnyMatcher<std::__cxx11::regex_traits<char>, false, true, true>
           2d6a0            2d6a0       46    32         CMakeFiles/qbox.dir/systemc-components/common/src/cciutils.cc.o:(.rodata._ZTSNSt8__detail11_AnyMatcherINSt7__cxx1112regex_traitsIcEELb1ELb0ELb0EEE)
           2d6a0            2d6a0       46     1                 typeinfo name for std::__detail::_AnyMatcher<std::__cxx11::regex_traits<char>, true, false, false>
           2d700            2d700       46    32         CMakeFiles/qbox.dir/systemc-components/common/src/cciutils.cc.o:(.rodata._ZTSNSt8__detail11_AnyMatcherINSt7__cxx1112regex_traitsIcEELb1ELb0ELb1EEE)
           2d700            2d700       46     1                 typeinfo name for std::__detail::_AnyMatcher<std::__cxx11::regex_traits<char>, true, false, true>
           2d760            2d760       46    32         CMakeFiles/qbox.dir/systemc-components/common/src/cciutils.cc.o:(.rodata._ZTSNSt8__detail11_AnyMatcherINSt7__cxx1112regex_traitsIcEELb1ELb1ELb0EEE)
           2d760            2d760       46     1                 typeinfo name for std::__detail::_AnyMatcher<std::__cxx11::regex_traits<char>, true, true, false>
           2d7c0            2d7c0       46    32         CMakeFiles/qbox.dir/systemc-components/common/src/cciutils.cc.o:(.rodata._ZTSNSt8__detail11_AnyMatcherINSt7__cxx1112regex_traitsIcEELb1ELb1ELb1EEE)
           2d7c0            2d7c0       46     1                 typeinfo name for std::__detail::_AnyMatcher<std::__cxx11::regex_traits<char>, true, true, true>
           2d820            2d820       43    32         CMakeFiles/qbox.dir/systemc-components/common/src/cciutils.cc.o:(.rodata._ZTSNSt8__detail12_CharMatcherINSt7__cxx1112regex_traitsIcEELb0ELb0EEE)
           2d820            2d820       43     1                 typeinfo name for std::__detail::_CharMatcher<std::__cxx11::regex_traits<char>, false, false>
           2d880            2d880       43    32         CMakeFiles/qbox.dir/systemc-components/common/src/cciutils.cc.o:(.rodata._ZTSNSt8__detail12_CharMatcherINSt7__cxx1112regex_traitsIcEELb0ELb1EEE)
           2d880            2d880       43     1                 typeinfo name for std::__detail::_CharMatcher<std::__cxx11::regex_traits<char>, false, true>
           2d8e0            2d8e0       43    32         CMakeFiles/qbox.dir/systemc-components/common/src/cciutils.cc.o:(.rodata._ZTSNSt8__detail12_CharMatcherINSt7__cxx1112regex_traitsIcEELb1ELb0EEE)
           2d8e0            2d8e0       43     1                 typeinfo name for std::__detail::_CharMatcher<std::__cxx11::regex_traits<char>, true, false>
           2d940            2d940       43    32         CMakeFiles/qbox.dir/systemc-components/common/src/cciutils.cc.o:(.rodata._ZTSNSt8__detail12_CharMatcherINSt7__cxx1112regex_traitsIcEELb1ELb1EEE)
           2d940            2d940       43     1                 typeinfo name for std::__detail::_CharMatcher<std::__cxx11::regex_traits<char>, true, true>
           2d9a0            2d9a0       46    32         CMakeFiles/qbox.dir/systemc-components/common/src/cciutils.cc.o:(.rodata._ZTSNSt8__detail15_BracketMatcherINSt7__cxx1112regex_traitsIcEELb0ELb0EEE)
           2d9a0            2d9a0       46     1                 typeinfo name for std::__detail::_BracketMatcher<std::__cxx11::regex_traits<char>, false, false>
           2da00            2da00       46    32         CMakeFiles/qbox.dir/systemc-components/common/src/cciutils.cc.o:(.rodata._ZTSNSt8__detail15_BracketMatcherINSt7__cxx1112regex_traitsIcEELb0ELb1EEE)
           2da00            2da00       46     1                 typeinfo name for std::__detail::_BracketMatcher<std::__cxx11::regex_traits<char>, false, true>
           2da60            2da60       46    32         CMakeFiles/qbox.dir/systemc-components/common/src/cciutils.cc.o:(.rodata._ZTSNSt8__detail15_BracketMatcherINSt7__cxx1112regex_traitsIcEELb1ELb0EEE)
           2da60            2da60       46     1                 typeinfo name for std::__detail::_BracketMatcher<std::__cxx11::regex_traits<char>, true, false>
           2dac0            2dac0       46    32         CMakeFiles/qbox.dir/systemc-components/common/src/cciutils.cc.o:(.rodata._ZTSNSt8__detail15_BracketMatcherINSt7__cxx1112regex_traitsIcEELb1ELb1EEE)
           2dac0            2dac0       46     1                 typeinfo name for std::__detail::_BracketMatcher<std::__cxx11::regex_traits<char>, true, true>
           2db06            2db06        2     1         CMakeFiles/qbox.dir/systemc-components/common/src/cciutils.cc.o:(.rodata._ZZNKSt8__detail9_ExecutorIN9__gnu_cxx17__normal_iteratorIPKcNSt7__cxx1112basic_stringIcSt11char_traitsIcESaIcEEEEESaINS5_9sub_matchISB_EEENS5_12regex_traitsIcEELb1EE10_M_is_wordEcE3__s)
           2db06            2db06        2     1                 std::__detail::_Executor<__gnu_cxx::__normal_iterator<char const*, std::__cxx11::basic_string<char, std::char_traits<char>, std::allocator<char>>>, std::allocator<std::__cxx11::sub_match<__gnu_cxx::__normal_iterator<char const*, std::__cxx11::basic_string<char, std::char_traits<char>, std::allocator<char>>>>>, std::__cxx11::regex_traits<char>, true>::_M_is_word(char) const::__s
           2db08            2db08        2     1         CMakeFiles/qbox.dir/systemc-components/common/src/cciutils.cc.o:(.rodata._ZZNKSt8__detail9_ExecutorIN9__gnu_cxx17__normal_iteratorIPKcNSt7__cxx1112basic_stringIcSt11char_traitsIcESaIcEEEEESaINS5_9sub_matchISB_EEENS5_12regex_traitsIcEELb0EE10_M_is_wordEcE3__s)
           2db08            2db08        2     1                 std::__detail::_Executor<__gnu_cxx::__normal_iterator<char const*, std::__cxx11::basic_string<char, std::char_traits<char>, std::allocator<char>>>, std::allocator<std::__cxx11::sub_match<__gnu_cxx::__normal_iterator<char const*, std::__cxx11::basic_string<char, std::char_traits<char>, std::allocator<char>>>>>, std::__cxx11::regex_traits<char>, false>::_M_is_word(char) const::__s
           2db10            2db10       10     8         CMakeFiles/qbox.dir/systemc-components/common/src/cciutils.cc.o:(.rodata._ZZNSt19_Sp_make_shared_tag5_S_tiEvE5__tag)
           2db10            2db10       10     1                 std::_Sp_make_shared_tag::_S_ti()::__tag
           2db20            2db20       14    16         CMakeFiles/qbox.dir/systemc-components/common/src/luautils.cc.o:(.rodata._ZTSN2gs12LuaFile_ToolE)
           2db20            2db20       14     1                 typeinfo name for gs::LuaFile_Tool
           2db40            2db40       2c    32         CMakeFiles/qbox.dir/systemc-components/common/src/luautils.cc.o:(.rodata._ZTSN3scp8ScLoggerILN7sc_core11sc_severityE0EEE)
           2db40            2db40       2c     1                 typeinfo name for scp::ScLogger<(sc_core::sc_severity)0>
           2db80            2db80       2c    32         CMakeFiles/qbox.dir/systemc-components/common/src/luautils.cc.o:(.rodata._ZTSN3scp8ScLoggerILN7sc_core11sc_severityE3EEE)
           2db80            2db80       2c     1                 typeinfo name for scp::ScLogger<(sc_core::sc_severity)3>
           2dbc0            2dbc0       ca    32         CMakeFiles/qbox.dir/systemc-components/common/src/luautils.cc.o:(.rodata)
           2dbc0            2dbc0       ca     1                 typeinfo name for cci::cci_impl::callback_impl<gs::LuaFile_Tool::config(cci::cci_broker_handle, char const*, char*)::'lambda'(std::pair<std::__cxx11::basic_string<char, std::char_traits<char>, std::allocator<char>>, cci::cci_value> const&), cci::cci_callback_traits<std::pair<std::__cxx11::basic_string<char, std::char_traits<char>, std::allocator<char>>, cci::cci_value> const&, bool>>
           2dc90            2dc90       30     8         <internal>:(.rodata.cst8)
           2dcc0            2dcc0       a0    16         <internal>:(.rodata.cst16)
           2dd60            2dd60      103    32         CMakeFiles/qbox.dir/systemc-components/common/src/uutils.cc.o:(.rodata)
           2dd80            2dd80       6c     1                 typeinfo name for std::thread::_State_impl<std::thread::_Invoker<std::tuple<gs::SigHandler::_start_pass_signal_handler()::'lambda'()>>>
           2de00            2de00       63     1                 typeinfo name for std::thread::_State_impl<std::thread::_Invoker<std::tuple<gs::ProcAliveHandler::wait_child(int)::'lambda'(int), int>>>
           2de70            2de70       12    16         CMakeFiles/qbox.dir/systemc-components/common/src/uutils.cc.o:(.rodata._ZTSN2gs10SigHandlerE)
           2de70            2de70       12     1                 typeinfo name for gs::SigHandler
           2dea0            2dea0       69    32         CMakeFiles/qbox.dir/systemc-components/common/src/uutils.cc.o:(.rodata._ZTSNSt6thread11_State_implINS_8_InvokerISt5tupleIJMN2gs16ProcAliveHandlerEFvSt8functionIFvvEEEPS4_S7_EEEEEE)
           2dea0            2dea0       69     1                 typeinfo name for std::thread::_State_impl<std::thread::_Invoker<std::tuple<void (gs::ProcAliveHandler::*)(std::function<void ()>), gs::ProcAliveHandler*, std::function<void ()>>>>
           2df0c            2df0c        4     4         <internal>:(.rodata.cst4)
           2df10            2df10        5     1         CMakeFiles/qbox.dir/systemc-components/common/src/memory_services.cc.o:(.rodata._ZTSFvvE)
           2df10            2df10        5     1                 typeinfo name for void ()
           2df20            2df20       16    16         CMakeFiles/qbox.dir/systemc-components/common/src/memory_services.cc.o:(.rodata._ZTSN2gs14MemoryServicesE)
           2df20            2df20       16     1                 typeinfo name for gs::MemoryServices
           2df36            2df36        6     1         CMakeFiles/qbox.dir/systemc-components/common/src/memory_services.cc.o:(.rodata._ZTSPFvvE)
           2df36            2df36        6     1                 typeinfo name for void (*)()
           2df40            2df40       37    32         CMakeFiles/qbox.dir/systemc-components/common/src/memory_services.cc.o:(.rodata)
           2df40            2df40       37     1                 typeinfo name for gs::MemoryServices::start_shm_cleaner_proc()::'lambda'()
           2df80            2df80       aa    32         CMakeFiles/qbox.dir/systemc-components/common/src/libgssync/pre_suspending_sc_support.cc.o:(.rodata._ZTSN3tlm13tlm_extensionIN9tlm_utils22simple_target_socket_bIN2gs9port_fnctELj32ENS_23tlm_base_protocol_typesELN7sc_core14sc_port_policyE0EE10fw_process16mm_end_event_extEEE)
           2df80            2df80       aa     1                 typeinfo name for tlm::tlm_extension<tlm_utils::simple_target_socket_b<gs::port_fnct, 32u, tlm::tlm_base_protocol_types, (sc_core::sc_port_policy)0>::fw_process::mm_end_event_ext>
           2e040            2e040       95    32         CMakeFiles/qbox.dir/systemc-components/common/src/libgssync/pre_suspending_sc_support.cc.o:(.rodata._ZTSN9tlm_utils22simple_target_socket_bIN2gs9port_fnctELj32EN3tlm23tlm_base_protocol_typesELN7sc_core14sc_port_policyE0EE10fw_process16mm_end_event_extE)
           2e040            2e040       95     1                 typeinfo name for tlm_utils::simple_target_socket_b<gs::port_fnct, 32u, tlm::tlm_base_protocol_types, (sc_core::sc_port_policy)0>::fw_process::mm_end_event_ext
           2e0e0            2e0e0       14    16         CMakeFiles/qbox.dir/systemc-components/common/src/libgssync/qk_factory.cc.o:(.rodata._ZTSN7sc_core8sc_eventE)
           2e0e0            2e0e0       14     1                 typeinfo name for sc_core::sc_event
           2e100            2e100       ac    32         CMakeFiles/qbox.dir/systemc-components/common/src/libgssync/qk_factory.cc.o:(.rodata._ZTSN3tlm13tlm_extensionIN9tlm_utils22simple_target_socket_bIN2gs10inlinesyncELj32ENS_23tlm_base_protocol_typesELN7sc_core14sc_port_policyE0EE10fw_process16mm_end_event_extEEE)
           2e100            2e100       ac     1                 typeinfo name for tlm::tlm_extension<tlm_utils::simple_target_socket_b<gs::inlinesync, 32u, tlm::tlm_base_protocol_types, (sc_core::sc_port_policy)0>::fw_process::mm_end_event_ext>
           2e1c0            2e1c0       97    32         CMakeFiles/qbox.dir/systemc-components/common/src/libgssync/qk_factory.cc.o:(.rodata._ZTSN9tlm_utils22simple_target_socket_bIN2gs10inlinesyncELj32EN3tlm23tlm_base_protocol_typesELN7sc_core14sc_port_policyE0EE10fw_process16mm_end_event_extE)
           2e1c0            2e1c0       97     1                 typeinfo name for tlm_utils::simple_target_socket_b<gs::inlinesync, 32u, tlm::tlm_base_protocol_types, (sc_core::sc_port_policy)0>::fw_process::mm_end_event_ext
           2e260            2e260       1c    16         CMakeFiles/qbox.dir/systemc-components/common/src/libgssync/qk_factory.cc.o:(.rodata._ZTSN7sc_core15sc_process_hostE)
           2e260            2e260       1c     1                 typeinfo name for sc_core::sc_process_host
           2e280            2e280       13    16         CMakeFiles/qbox.dir/systemc-components/common/src/libgssync/qk_factory.cc.o:(.rodata._ZTSN2gs11async_eventE)
           2e280            2e280       13     1                 typeinfo name for gs::async_event
           2e2a0            2e2a0       20    32         CMakeFiles/qbox.dir/systemc-components/common/src/libgssync/qk_factory.cc.o:(.rodata._ZTSN9tlm_utils17tlm_quantumkeeperE)
           2e2a0            2e2a0       20     1                 typeinfo name for tlm_utils::tlm_quantumkeeper
           2e2c0            2e2c0       22    32         CMakeFiles/qbox.dir/systemc-components/common/src/libgssync/qk_factory.cc.o:(.rodata._ZTSN2gs26tlm_quantumkeeper_extendedE)
           2e2c0            2e2c0       22     1                 typeinfo name for gs::tlm_quantumkeeper_extended
           2e300            2e300       27    32         CMakeFiles/qbox.dir/systemc-components/common/src/libgssync/qk_factory.cc.o:(.rodata._ZTSN2gs31tlm_quantumkeeper_multi_quantumE)
           2e300            2e300       27     1                 typeinfo name for gs::tlm_quantumkeeper_multi_quantum
           2e340            2e340       27    32         CMakeFiles/qbox.dir/systemc-components/common/src/libgssync/qk_factory.cc.o:(.rodata._ZTSN2gs31tlm_quantumkeeper_multi_rollingE)
           2e340            2e340       27     1                 typeinfo name for gs::tlm_quantumkeeper_multi_rolling
           2e380            2e380       28    32         CMakeFiles/qbox.dir/systemc-components/common/src/libgssync/qk_factory.cc.o:(.rodata._ZTSN2gs32tlm_quantumkeeper_multi_adaptiveE)
           2e380            2e380       28     1                 typeinfo name for gs::tlm_quantumkeeper_multi_adaptive
           2e3c0            2e3c0       27    32         CMakeFiles/qbox.dir/systemc-components/common/src/libgssync/qk_factory.cc.o:(.rodata._ZTSN2gs31tlm_quantumkeeper_unconstrainedE)
           2e3c0            2e3c0       27     1                 typeinfo name for gs::tlm_quantumkeeper_unconstrained
           2e400            2e400       25    32         CMakeFiles/qbox.dir/systemc-components/common/src/libgssync/qk_factory.cc.o:(.rodata._ZTSN2gs29tlm_quantumkeeper_freerunningE)
           2e400            2e400       25     1                 typeinfo name for gs::tlm_quantumkeeper_freerunning
           2e440            2e440       2f    32         CMakeFiles/qbox.dir/systemc-components/common/src/libgssync/qk_factory.cc.o:(.rodata._ZTSN7sc_core15sc_spawn_objectISt8functionIFvvEEEE)
           2e440            2e440       2f     1                 typeinfo name for sc_core::sc_spawn_object<std::function<void ()>>
           2e480            2e480       59    32         CMakeFiles/qbox.dir/systemc-components/common/src/libgssync/qk_factory.cc.o:(.rodata._ZTSN7sc_core15sc_spawn_objectISt5_BindIFMN2gs31tlm_quantumkeeper_multi_rollingEFvvEPS3_EEEE)
           2e480            2e480       59     1                 typeinfo name for sc_core::sc_spawn_object<std::_Bind<void (gs::tlm_quantumkeeper_multi_rolling::* (gs::tlm_quantumkeeper_multi_rolling*))()>>
           2e4e0            2e4e0       63    32         CMakeFiles/qbox.dir/systemc-components/common/src/libgssync/qk_factory.cc.o:(.rodata._ZTSSt23_Sp_counted_ptr_inplaceIN2gs26tlm_quantumkeeper_extendedESaIS1_ELN9__gnu_cxx12_Lock_policyE2EE)
           2e4e0            2e4e0       63     1                 typeinfo name for std::_Sp_counted_ptr_inplace<gs::tlm_quantumkeeper_extended, std::allocator<gs::tlm_quantumkeeper_extended>, (__gnu_cxx::_Lock_policy)2>
           2e560            2e560       66    32         CMakeFiles/qbox.dir/systemc-components/common/src/libgssync/qk_factory.cc.o:(.rodata._ZTSSt23_Sp_counted_ptr_inplaceIN2gs29tlm_quantumkeeper_multithreadESaIS1_ELN9__gnu_cxx12_Lock_policyE2EE)
           2e560            2e560       66     1                 typeinfo name for std::_Sp_counted_ptr_inplace<gs::tlm_quantumkeeper_multithread, std::allocator<gs::tlm_quantumkeeper_multithread>, (__gnu_cxx::_Lock_policy)2>
           2e5e0            2e5e0       68    32         CMakeFiles/qbox.dir/systemc-components/common/src/libgssync/qk_factory.cc.o:(.rodata._ZTSSt23_Sp_counted_ptr_inplaceIN2gs31tlm_quantumkeeper_multi_quantumESaIS1_ELN9__gnu_cxx12_Lock_policyE2EE)
           2e5e0            2e5e0       68     1                 typeinfo name for std::_Sp_counted_ptr_inplace<gs::tlm_quantumkeeper_multi_quantum, std::allocator<gs::tlm_quantumkeeper_multi_quantum>, (__gnu_cxx::_Lock_policy)2>
           2e660            2e660       69    32         CMakeFiles/qbox.dir/systemc-components/common/src/libgssync/qk_factory.cc.o:(.rodata._ZTSSt23_Sp_counted_ptr_inplaceIN2gs32tlm_quantumkeeper_multi_adaptiveESaIS1_ELN9__gnu_cxx12_Lock_policyE2EE)
           2e660            2e660       69     1                 typeinfo name for std::_Sp_counted_ptr_inplace<gs::tlm_quantumkeeper_multi_adaptive, std::allocator<gs::tlm_quantumkeeper_multi_adaptive>, (__gnu_cxx::_Lock_policy)2>
           2e6e0            2e6e0       68    32         CMakeFiles/qbox.dir/systemc-components/common/src/libgssync/qk_factory.cc.o:(.rodata._ZTSSt23_Sp_counted_ptr_inplaceIN2gs31tlm_quantumkeeper_multi_rollingESaIS1_ELN9__gnu_cxx12_Lock_policyE2EE)
           2e6e0            2e6e0       68     1                 typeinfo name for std::_Sp_counted_ptr_inplace<gs::tlm_quantumkeeper_multi_rolling, std::allocator<gs::tlm_quantumkeeper_multi_rolling>, (__gnu_cxx::_Lock_policy)2>
           2e760            2e760       68    32         CMakeFiles/qbox.dir/systemc-components/common/src/libgssync/qk_factory.cc.o:(.rodata._ZTSSt23_Sp_counted_ptr_inplaceIN2gs31tlm_quantumkeeper_unconstrainedESaIS1_ELN9__gnu_cxx12_Lock_policyE2EE)
           2e760            2e760       68     1                 typeinfo name for std::_Sp_counted_ptr_inplace<gs::tlm_quantumkeeper_unconstrained, std::allocator<gs::tlm_quantumkeeper_unconstrained>, (__gnu_cxx::_Lock_policy)2>
           2e7e0            2e7e0       66    32         CMakeFiles/qbox.dir/systemc-components/common/src/libgssync/qk_factory.cc.o:(.rodata._ZTSSt23_Sp_counted_ptr_inplaceIN2gs29tlm_quantumkeeper_freerunningESaIS1_ELN9__gnu_cxx12_Lock_policyE2EE)
           2e7e0            2e7e0       66     1                 typeinfo name for std::_Sp_counted_ptr_inplace<gs::tlm_quantumkeeper_freerunning, std::allocator<gs::tlm_quantumkeeper_freerunning>, (__gnu_cxx::_Lock_policy)2>
           2e860            2e860       25    32         CMakeFiles/qbox.dir/systemc-components/common/src/libgssync/qkmultithread.cc.o:(.rodata._ZTSN2gs29tlm_quantumkeeper_multithreadE)
           2e860            2e860       25     1                 typeinfo name for gs::tlm_quantumkeeper_multithread
           2e8a0            2e8a0       57    32         CMakeFiles/qbox.dir/systemc-components/common/src/libgssync/qkmultithread.cc.o:(.rodata._ZTSN7sc_core15sc_spawn_objectISt5_BindIFMN2gs29tlm_quantumkeeper_multithreadEFvvEPS3_EEEE)
           2e8a0            2e8a0       57     1                 typeinfo name for sc_core::sc_spawn_object<std::_Bind<void (gs::tlm_quantumkeeper_multithread::* (gs::tlm_quantumkeeper_multithread*))()>>
           2e900            2e900       47    32         CMakeFiles/qbox.dir/systemc-components/common/src/libgssync/qkmultithread.cc.o:(.rodata._ZTSNSt6thread11_State_implINS_8_InvokerISt5tupleIJSt8functionIFvvEEEEEEEE)
           2e900            2e900       47     1                 typeinfo name for std::thread::_State_impl<std::thread::_Invoker<std::tuple<std::function<void ()>>>>
           2e960            2e960       30    32         CMakeFiles/qbox.dir/systemc-components/common/src/libgssync/qkmultithread.cc.o:(.rodata)
           2e960            2e960       30     1                 typeinfo name for gs::tlm_quantumkeeper_multithread::tlm_quantumkeeper_multithread()::'lambda'()
           2e990            2e990       11    16         CMakeFiles/qbox.dir/systemc-components/common/src/macs/backends/tap.cc.o:(.rodata._ZTS14NetworkBackend)
           2e990            2e990       11     1                 typeinfo name for NetworkBackend
           2e9b0            2e9b0       14    16         CMakeFiles/qbox.dir/systemc-components/common/src/macs/backends/tap.cc.o:(.rodata._ZTS17NetworkBackendTap)
           2e9b0            2e9b0       14     1                 typeinfo name for NetworkBackendTap
           2e9e0            2e9e0       53    32         CMakeFiles/qbox.dir/systemc-components/common/src/macs/backends/tap.cc.o:(.rodata._ZTSNSt6thread11_State_implINS_8_InvokerISt5tupleIJM17NetworkBackendTapFPvvEPS3_EEEEEE)
           2e9e0            2e9e0       53     1                 typeinfo name for std::thread::_State_impl<std::thread::_Invoker<std::tuple<void* (NetworkBackendTap::*)(), NetworkBackendTap*>>>
           2ea34            2ea34       18     4         CMakeFiles/qbox.dir/systemc-components/common/src/macs/components/phy.cc.o:(.rodata)
           2ea4c            2ea4c        5     1         CMakeFiles/qbox.dir/systemc-components/common/src/macs/components/phy.cc.o:(.rodata._ZTS3phy)
           2ea4c            2ea4c        5     1                 typeinfo name for phy
           2ea58            2ea58        f     8         CMakeFiles/qbox.dir/qemu-components/common/src/libqemu-cxx/cpu.cc.o:(.rodata._ZTSN4qemu6DeviceE)
           2ea58            2ea58        f     1                 typeinfo name for qemu::Device
           2ea68            2ea68        c     8         CMakeFiles/qbox.dir/qemu-components/common/src/libqemu-cxx/cpu.cc.o:(.rodata._ZTSN4qemu3CpuE)
           2ea68            2ea68        c     1                 typeinfo name for qemu::Cpu
           2ea78            2ea78        d     8         CMakeFiles/qbox.dir/qemu-components/common/src/libqemu-cxx/device.cc.o:(.rodata._ZTSN4qemu4GpioE)
           2ea78            2ea78        d     1                 typeinfo name for qemu::Gpio
           2ea88            2ea88        c     8         CMakeFiles/qbox.dir/qemu-components/common/src/libqemu-cxx/device.cc.o:(.rodata._ZTSN4qemu3BusE)
           2ea88            2ea88        c     1                 typeinfo name for qemu::Bus
           2eaa0            2eaa0       1a    16         CMakeFiles/qbox.dir/qemu-components/common/src/libqemu-cxx/libqemu-cxx.cc.o:(.rodata._ZTSN4qemu16LibQemuExceptionE)
           2eaa0            2eaa0       1a     1                 typeinfo name for qemu::LibQemuException
           2eac0            2eac0       25    32         CMakeFiles/qbox.dir/qemu-components/common/src/libqemu-cxx/libqemu-cxx.cc.o:(.rodata._ZTSN4qemu27TargetNotSupportedExceptionE)
           2eac0            2eac0       25     1                 typeinfo name for qemu::TargetNotSupportedException
           2eb00            2eb00       23    32         CMakeFiles/qbox.dir/qemu-components/common/src/libqemu-cxx/libqemu-cxx.cc.o:(.rodata._ZTSN4qemu25LibraryLoadErrorExceptionE)
           2eb00            2eb00       23     1                 typeinfo name for qemu::LibraryLoadErrorException
           2eb40            2eb40       21    32         CMakeFiles/qbox.dir/qemu-components/common/src/libqemu-cxx/libqemu-cxx.cc.o:(.rodata._ZTSN4qemu23InvalidLibraryExceptionE)
           2eb40            2eb40       21     1                 typeinfo name for qemu::InvalidLibraryException
           2eb70            2eb70       10    16         CMakeFiles/qbox.dir/qemu-components/common/src/libqemu-cxx/libqemu-cxx.cc.o:(.rodata._ZTSN4qemu7ChardevE)
           2eb70            2eb70       10     1                 typeinfo name for qemu::Chardev
           2eb80            2eb80       23    32         CMakeFiles/qbox.dir/qemu-components/common/src/libqemu-cxx/libqemu-cxx.cc.o:(.rodata._ZTSN4qemu25LibQemuObjectCallbackBaseE)
           2eb80            2eb80       23     1                 typeinfo name for qemu::LibQemuObjectCallbackBase
           2ebc0            2ebc0       32    32         CMakeFiles/qbox.dir/qemu-components/common/src/libqemu-cxx/libqemu-cxx.cc.o:(.rodata._ZTSN4qemu21LibQemuObjectCallbackISt8functionIFvvEEEE)
           2ebc0            2ebc0       32     1                 typeinfo name for qemu::LibQemuObjectCallback<std::function<void ()>>
           2ec00            2ec00       71    32         CMakeFiles/qbox.dir/qemu-components/common/src/libqemu-cxx/libqemu-cxx.cc.o:(.rodata._ZTSN4qemu21LibQemuObjectCallbackISt8functionIFvPNS_17IOMMUMemoryRegion13IOMMUTLBEntryEmNS2_16IOMMUAccessFlagsEiEEEE)
           2ec00            2ec00       71     1                 typeinfo name for qemu::LibQemuObjectCallback<std::function<void (qemu::IOMMUMemoryRegion::IOMMUTLBEntry*, unsigned long, qemu::IOMMUMemoryRegion::IOMMUAccessFlags, int)>>
           2ec80            2ec80       32    32         CMakeFiles/qbox.dir/qemu-components/common/src/libqemu-cxx/libqemu-cxx.cc.o:(.rodata._ZTSN4qemu21LibQemuObjectCallbackISt8functionIFvjEEEE)
           2ec80            2ec80       32     1                 typeinfo name for qemu::LibQemuObjectCallback<std::function<void (unsigned int)>>
           2ecc0            2ecc0       5b    32         CMakeFiles/qbox.dir/qemu-components/common/src/libqemu-cxx/libqemu-cxx.cc.o:(.rodata._ZTSSt23_Sp_counted_ptr_inplaceIN4qemu16LibQemuInternalsESaIS1_ELN9__gnu_cxx12_Lock_policyE2EE)
           2ecc0            2ecc0       5b     1                 typeinfo name for std::_Sp_counted_ptr_inplace<qemu::LibQemuInternals, std::allocator<qemu::LibQemuInternals>, (__gnu_cxx::_Lock_policy)2>
           2ed20            2ed20       5a    32         CMakeFiles/qbox.dir/qemu-components/common/src/libqemu-cxx/libqemu-cxx.cc.o:(.rodata._ZTSSt23_Sp_counted_ptr_inplaceIN4qemu15MemoryRegionOpsESaIS1_ELN9__gnu_cxx12_Lock_policyE2EE)
           2ed20            2ed20       5a     1                 typeinfo name for std::_Sp_counted_ptr_inplace<qemu::MemoryRegionOps, std::allocator<qemu::MemoryRegionOps>, (__gnu_cxx::_Lock_policy)2>
           2ed80            2ed80       57    32         CMakeFiles/qbox.dir/qemu-components/common/src/libqemu-cxx/libqemu-cxx.cc.o:(.rodata._ZTSSt23_Sp_counted_ptr_inplaceIN4qemu12AddressSpaceESaIS1_ELN9__gnu_cxx12_Lock_policyE2EE)
           2ed80            2ed80       57     1                 typeinfo name for std::_Sp_counted_ptr_inplace<qemu::AddressSpace, std::allocator<qemu::AddressSpace>, (__gnu_cxx::_Lock_policy)2>
           2ede0            2ede0       57    32         CMakeFiles/qbox.dir/qemu-components/common/src/libqemu-cxx/libqemu-cxx.cc.o:(.rodata._ZTSSt23_Sp_counted_ptr_inplaceIN4qemu12MemoryRegionESaIS1_ELN9__gnu_cxx12_Lock_policyE2EE)
           2ede0            2ede0       57     1                 typeinfo name for std::_Sp_counted_ptr_inplace<qemu::MemoryRegion, std::allocator<qemu::MemoryRegion>, (__gnu_cxx::_Lock_policy)2>
           2ee40            2ee40       59    32         CMakeFiles/qbox.dir/qemu-components/common/src/libqemu-cxx/libqemu-cxx.cc.o:(.rodata._ZTSSt23_Sp_counted_ptr_inplaceIN4qemu14MemoryListenerESaIS1_ELN9__gnu_cxx12_Lock_policyE2EE)
           2ee40            2ee40       59     1                 typeinfo name for std::_Sp_counted_ptr_inplace<qemu::MemoryListener, std::allocator<qemu::MemoryListener>, (__gnu_cxx::_Lock_policy)2>
           2eea0            2eea0       58    32         CMakeFiles/qbox.dir/qemu-components/common/src/libqemu-cxx/libqemu-cxx.cc.o:(.rodata._ZTSSt23_Sp_counted_ptr_inplaceIN4qemu4Gpio9GpioProxyESaIS2_ELN9__gnu_cxx12_Lock_policyE2EE)
           2eea0            2eea0       58     1                 typeinfo name for std::_Sp_counted_ptr_inplace<qemu::Gpio::GpioProxy, std::allocator<qemu::Gpio::GpioProxy>, (__gnu_cxx::_Lock_policy)2>
           2ef00            2ef00       4f    32         CMakeFiles/qbox.dir/qemu-components/common/src/libqemu-cxx/libqemu-cxx.cc.o:(.rodata._ZTSSt23_Sp_counted_ptr_inplaceIN4qemu5TimerESaIS1_ELN9__gnu_cxx12_Lock_policyE2EE)
           2ef00            2ef00       4f     1                 typeinfo name for std::_Sp_counted_ptr_inplace<qemu::Timer, std::allocator<qemu::Timer>, (__gnu_cxx::_Lock_policy)2>
           2ef50            2ef50       16    16         CMakeFiles/qbox.dir/qemu-components/common/src/libqemu-cxx/loader.cc.o:(.rodata._ZTSN4qemu12LibraryIfaceE)
           2ef50            2ef50       16     1                 typeinfo name for qemu::LibraryIface
           2ef70            2ef70       1c    16         CMakeFiles/qbox.dir/qemu-components/common/src/libqemu-cxx/loader.cc.o:(.rodata._ZTSN4qemu18LibraryLoaderIfaceE)
           2ef70            2ef70       1c     1                 typeinfo name for qemu::LibraryLoaderIface
           2ef90            2ef90        9     8         CMakeFiles/qbox.dir/qemu-components/common/src/libqemu-cxx/loader.cc.o:(.rodata._ZTS7Library)
           2ef90            2ef90        9     1                 typeinfo name for Library
           2efa0            2efa0       17    16         CMakeFiles/qbox.dir/qemu-components/common/src/libqemu-cxx/loader.cc.o:(.rodata._ZTS20DefaultLibraryLoader)
           2efa0            2efa0       17     1                 typeinfo name for DefaultLibraryLoader
           2efc0            2efc0       4a    32         CMakeFiles/qbox.dir/qemu-components/common/src/libqemu-cxx/loader.cc.o:(.rodata._ZTSSt23_Sp_counted_ptr_inplaceI7LibrarySaIS0_ELN9__gnu_cxx12_Lock_policyE2EE)
           2efc0            2efc0       4a     1                 typeinfo name for std::_Sp_counted_ptr_inplace<Library, std::allocator<Library>, (__gnu_cxx::_Lock_policy)2>
           2f020            2f020       44    32         CMakeFiles/qbox.dir/qemu-components/common/src/libqemu-cxx/memory.cc.o:(.rodata)
           2f020            2f020       10     1                 CSWTCH.69
           2f040            2f040       24     1                 CSWTCH.67
           2f070            2f070       16    16         CMakeFiles/qbox.dir/qemu-components/common/src/libqemu-cxx/memory.cc.o:(.rodata._ZTSN4qemu12MemoryRegionE)
           2f070            2f070       16     1                 typeinfo name for qemu::MemoryRegion
           2f090            2f090       1e    16         CMakeFiles/qbox.dir/qemu-components/common/src/libqemu-cxx/object.cc.o:(.rodata._ZTSN4qemu20SetPropertyExceptionE)
           2f090            2f090       1e     1                 typeinfo name for qemu::SetPropertyException
           2f0b0            2f0b0       1e    16         CMakeFiles/qbox.dir/qemu-components/common/src/libqemu-cxx/object.cc.o:(.rodata._ZTSN4qemu20GetPropertyExceptionE)
           2f0b0            2f0b0       1e     1                 typeinfo name for qemu::GetPropertyException
           2f0d0            2f0d0        f     8         CMakeFiles/qbox.dir/qemu-components/common/src/libqemu-cxx/object.cc.o:(.rodata._ZTSN4qemu6ObjectE)
           2f0d0            2f0d0        f     1                 typeinfo name for qemu::Object
           2f0e0            2f0e0       30     4         CMakeFiles/qbox.dir/qemu-components/common/src/libqemu-cxx/target-info.cc.o:(.rodata)
           2f110            2f110     2181     4 .gcc_except_table
           2f110            2f110        4     1         CMakeFiles/qbox.dir/systemc-components/common/src/cciutils.cc.o:(.gcc_except_table._ZNSt6vectorISt8functionIFPN3cci15cci_param_typedIN2gs18cci_constructor_vlELNS1_22cci_param_mutable_typeE0EEEvEESaIS9_EED2Ev)
           2f114            2f114        4     1         CMakeFiles/qbox.dir/systemc-components/common/src/cciutils.cc.o:(.gcc_except_table._ZNSt23_Sp_counted_ptr_inplaceINSt8__detail4_NFAINSt7__cxx1112regex_traitsIcEEEESaIS5_ELN9__gnu_cxx12_Lock_policyE2EE10_M_disposeEv)
           2f118            2f118      bc7     4         CMakeFiles/qbox.dir/systemc-components/common/src/cciutils.cc.o:(.gcc_except_table)
           2fcdf            2fcdf       10     1         CMakeFiles/qbox.dir/systemc-components/common/src/luautils.cc.o:(.gcc_except_table._ZN3scp8ScLoggerILN7sc_core11sc_severityE0EED2Ev)
           2fcef            2fcef       10     1         CMakeFiles/qbox.dir/systemc-components/common/src/luautils.cc.o:(.gcc_except_table._ZN3scp8ScLoggerILN7sc_core11sc_severityE3EED2Ev)
           2fcff            2fcff      345     1         CMakeFiles/qbox.dir/systemc-components/common/src/luautils.cc.o:(.gcc_except_table)
           30044            30044        4     1         CMakeFiles/qbox.dir/systemc-components/common/src/uutils.cc.o:(.gcc_except_table._ZNSt6thread11_State_implINS_8_InvokerISt5tupleIJMN2gs16ProcAliveHandlerEFvSt8functionIFvvEEEPS4_S7_EEEEED2Ev)
           30048            30048        4     1         CMakeFiles/qbox.dir/systemc-components/common/src/uutils.cc.o:(.gcc_except_table._ZNSt6thread11_State_implINS_8_InvokerISt5tupleIJMN2gs16ProcAliveHandlerEFvSt8functionIFvvEEEPS4_S7_EEEEED0Ev)
           3004c            3004c        e     1         CMakeFiles/qbox.dir/systemc-components/common/src/uutils.cc.o:(.gcc_except_table._ZNSt6thread11_State_implINS_8_InvokerISt5tupleIJMN2gs16ProcAliveHandlerEFvSt8functionIFvvEEEPS4_S7_EEEEE6_M_runEv)
           3005c            3005c      27d     4         CMakeFiles/qbox.dir/systemc-components/common/src/uutils.cc.o:(.gcc_except_table)
           302dc            302dc      2b3     4         CMakeFiles/qbox.dir/systemc-components/common/src/memory_services.cc.o:(.gcc_except_table)
           3058f            3058f        4     1         CMakeFiles/qbox.dir/systemc-components/common/src/libgssync/qk_factory.cc.o:(.gcc_except_table._ZN2gs31tlm_quantumkeeper_multi_rollingD2Ev)
           30593            30593        4     1         CMakeFiles/qbox.dir/systemc-components/common/src/libgssync/qk_factory.cc.o:(.gcc_except_table._ZN7sc_core15sc_spawn_objectISt8functionIFvvEEED2Ev)
           30597            30597        4     1         CMakeFiles/qbox.dir/systemc-components/common/src/libgssync/qk_factory.cc.o:(.gcc_except_table._ZN7sc_core15sc_spawn_objectISt8functionIFvvEEED0Ev)
           3059b            3059b        4     1         CMakeFiles/qbox.dir/systemc-components/common/src/libgssync/qk_factory.cc.o:(.gcc_except_table._ZN2gs31tlm_quantumkeeper_multi_rollingD0Ev)
           3059f            3059f        4     1         CMakeFiles/qbox.dir/systemc-components/common/src/libgssync/qk_factory.cc.o:(.gcc_except_table._ZThn24_N2gs31tlm_quantumkeeper_multi_rollingD0Ev)
           305a3            305a3        4     1         CMakeFiles/qbox.dir/systemc-components/common/src/libgssync/qk_factory.cc.o:(.gcc_except_table._ZThn24_N2gs31tlm_quantumkeeper_multi_rollingD1Ev)
           305a7            305a7       10     1         CMakeFiles/qbox.dir/systemc-components/common/src/libgssync/qk_factory.cc.o:(.gcc_except_table._ZN9tlm_utils17tlm_quantumkeeper4syncEv)
           305b7            305b7       14     1         CMakeFiles/qbox.dir/systemc-components/common/src/libgssync/qk_factory.cc.o:(.gcc_except_table._ZN2gs29tlm_quantumkeeper_freerunning4syncEv)
           305cb            305cb       32     1         CMakeFiles/qbox.dir/systemc-components/common/src/libgssync/qk_factory.cc.o:(.gcc_except_table._ZN2gs26tlm_quantumkeeper_extended5startESt8functionIFvvEE)
           305fd            305fd       30     1         CMakeFiles/qbox.dir/systemc-components/common/src/libgssync/qk_factory.cc.o:(.gcc_except_table._ZN2gs31tlm_quantumkeeper_multi_rollingC2Ev)
           3062d            3062d       ef     1         CMakeFiles/qbox.dir/systemc-components/common/src/libgssync/qk_factory.cc.o:(.gcc_except_table)
           3071c            3071c        4     1         CMakeFiles/qbox.dir/systemc-components/common/src/libgssync/qkmultithread.cc.o:(.gcc_except_table._ZNSt6thread11_State_implINS_8_InvokerISt5tupleIJSt8functionIFvvEEEEEEED2Ev)
           30720            30720        4     1         CMakeFiles/qbox.dir/systemc-components/common/src/libgssync/qkmultithread.cc.o:(.gcc_except_table._ZNSt6thread11_State_implINS_8_InvokerISt5tupleIJSt8functionIFvvEEEEEEED0Ev)
           30724            30724      249     1         CMakeFiles/qbox.dir/systemc-components/common/src/libgssync/qkmultithread.cc.o:(.gcc_except_table)
           30970            30970      199     4         CMakeFiles/qbox.dir/systemc-components/common/src/macs/backends/tap.cc.o:(.gcc_except_table)
           30b09            30b09       18     1         CMakeFiles/qbox.dir/systemc-components/common/src/macs/components/mac.cc.o:(.gcc_except_table)
           30b21            30b21       da     1         CMakeFiles/qbox.dir/systemc-components/common/src/macs/components/phy.cc.o:(.gcc_except_table)
           30bfb            30bfb       9e     1         CMakeFiles/qbox.dir/qemu-components/common/src/libqemu-cxx/cpu.cc.o:(.gcc_except_table)
           30c99            30c99       3f     1         CMakeFiles/qbox.dir/qemu-components/common/src/libqemu-cxx/device.cc.o:(.gcc_except_table)
           30cd8            30cd8      21a     1         CMakeFiles/qbox.dir/qemu-components/common/src/libqemu-cxx/libqemu-cxx.cc.o:(.gcc_except_table)
           30ef4            30ef4       58     4         CMakeFiles/qbox.dir/qemu-components/common/src/libqemu-cxx/loader.cc.o:(.gcc_except_table._ZL9copy_filePKcS0_)
           30f4c            30f4c      174     4         CMakeFiles/qbox.dir/qemu-components/common/src/libqemu-cxx/memory.cc.o:(.gcc_except_table)
           310c0            310c0      168     1         CMakeFiles/qbox.dir/qemu-components/common/src/libqemu-cxx/object.cc.o:(.gcc_except_table)
           31228            31228       14     1         CMakeFiles/qbox.dir/qemu-components/common/src/libqemu-cxx/rcu-read-lock.cc.o:(.gcc_except_table)
           3123c            3123c       19     1         CMakeFiles/qbox.dir/qemu-components/common/src/libqemu-cxx/sysbus.cc.o:(.gcc_except_table)
           31255            31255       1a     1         CMakeFiles/qbox.dir/qemu-components/common/src/libqemu-cxx/timer.cc.o:(.gcc_except_table)
           3126f            3126f       22     1         CMakeFiles/qbox.dir/qemu-components/common/src/libqemu-cxx/target/riscv.cc.o:(.gcc_except_table)
           31294            31294     1cac     4 .eh_frame_hdr
           31294            31294     1cac     4         <internal>:(.eh_frame_hdr)
           32f40            32f40     989c     8 .eh_frame
           32f40            32f40      75c     1         CMakeFiles/qbox.dir/systemc-components/common/src/cciutils.cc.o:(.eh_frame+0x0)
           3369c            3369c       f4     1         CMakeFiles/qbox.dir/systemc-components/common/src/cciutils.cc.o:(.eh_frame+0x7b8)
           33790            33790       1c     1         CMakeFiles/qbox.dir/systemc-components/common/src/cciutils.cc.o:(.eh_frame+0x99c)
           337ac            337ac       1c     1         CMakeFiles/qbox.dir/systemc-components/common/src/cciutils.cc.o:(.eh_frame+0xa08)
           337c8            337c8      108     1         CMakeFiles/qbox.dir/systemc-components/common/src/cciutils.cc.o:(.eh_frame+0xaa4)
           338d0            338d0       68     1         CMakeFiles/qbox.dir/systemc-components/common/src/cciutils.cc.o:(.eh_frame+0xbec)
           33938            33938       2c     1         CMakeFiles/qbox.dir/systemc-components/common/src/cciutils.cc.o:(.eh_frame+0xd24)
           33964            33964       34     1         CMakeFiles/qbox.dir/systemc-components/common/src/cciutils.cc.o:(.eh_frame+0xdb0)
           33998            33998       e4     1         CMakeFiles/qbox.dir/systemc-components/common/src/cciutils.cc.o:(.eh_frame+0xf80)
           33a7c            33a7c       94     1         CMakeFiles/qbox.dir/systemc-components/common/src/cciutils.cc.o:(.eh_frame+0x1080)
           33b10            33b10      15c     1         CMakeFiles/qbox.dir/systemc-components/common/src/cciutils.cc.o:(.eh_frame+0x1164)
           33c6c            33c6c      3ec     1         CMakeFiles/qbox.dir/systemc-components/common/src/cciutils.cc.o:(.eh_frame+0x1338)
           34058            34058       bc     1         CMakeFiles/qbox.dir/systemc-components/common/src/cciutils.cc.o:(.eh_frame+0x177c)
           34114            34114       e0     1         CMakeFiles/qbox.dir/systemc-components/common/src/cciutils.cc.o:(.eh_frame+0x1900)
           341f4            341f4       38     1         CMakeFiles/qbox.dir/systemc-components/common/src/cciutils.cc.o:(.eh_frame+0x1a44)
           3422c            3422c       b0     1         CMakeFiles/qbox.dir/systemc-components/common/src/cciutils.cc.o:(.eh_frame+0x1b20)
           342dc            342dc       c0     1         CMakeFiles/qbox.dir/systemc-components/common/src/cciutils.cc.o:(.eh_frame+0x1c24)
           3439c            3439c      104     1         CMakeFiles/qbox.dir/systemc-components/common/src/cciutils.cc.o:(.eh_frame+0x1d28)
           344a0            344a0       c8     1         CMakeFiles/qbox.dir/systemc-components/common/src/cciutils.cc.o:(.eh_frame+0x1e74)
           34568            34568       30     1         CMakeFiles/qbox.dir/systemc-components/common/src/cciutils.cc.o:(.eh_frame+0x2138)
           34598            34598       94     1         CMakeFiles/qbox.dir/systemc-components/common/src/cciutils.cc.o:(.eh_frame+0x2254)
           3462c            3462c       14     1         CMakeFiles/qbox.dir/systemc-components/common/src/cciutils.cc.o:(.eh_frame+0x2390)
           34640            34640       9c     1         CMakeFiles/qbox.dir/systemc-components/common/src/cciutils.cc.o:(.eh_frame+0x23f8)
           346dc            346dc       f4     1         CMakeFiles/qbox.dir/systemc-components/common/src/cciutils.cc.o:(.eh_frame+0x2814)
           347d0            347d0       60     1         CMakeFiles/qbox.dir/systemc-components/common/src/cciutils.cc.o:(.eh_frame+0x29fc)
           34830            34830       4c     1         CMakeFiles/qbox.dir/systemc-components/common/src/cciutils.cc.o:(.eh_frame+0x2da8)
           3487c            3487c       34     1         CMakeFiles/qbox.dir/systemc-components/common/src/cciutils.cc.o:(.eh_frame+0x2f34)
           348b0            348b0       3c     1         CMakeFiles/qbox.dir/systemc-components/common/src/cciutils.cc.o:(.eh_frame+0x316c)
           348ec            348ec       28     1         CMakeFiles/qbox.dir/systemc-components/common/src/luautils.cc.o:(.eh_frame+0x68)
           34914            34914       94     1         CMakeFiles/qbox.dir/systemc-components/common/src/luautils.cc.o:(.eh_frame+0xa4)
           349a8            349a8       1c     1         CMakeFiles/qbox.dir/systemc-components/common/src/luautils.cc.o:(.eh_frame+0x1a8)
           349c4            349c4       1c     1         CMakeFiles/qbox.dir/systemc-components/common/src/luautils.cc.o:(.eh_frame+0x214)
           349e0            349e0       1c     1         CMakeFiles/qbox.dir/systemc-components/common/src/luautils.cc.o:(.eh_frame+0x5dc)
           349fc            349fc       28     1         CMakeFiles/qbox.dir/systemc-components/common/src/uutils.cc.o:(.eh_frame+0x54)
           34a24            34a24      100     1         CMakeFiles/qbox.dir/systemc-components/common/src/uutils.cc.o:(.eh_frame+0x90)
           34b24            34b24       cc     1         CMakeFiles/qbox.dir/systemc-components/common/src/uutils.cc.o:(.eh_frame+0x1f0)
           34bf0            34bf0       c8     1         CMakeFiles/qbox.dir/systemc-components/common/src/uutils.cc.o:(.eh_frame+0x308)
           34cb8            34cb8       d0     1         CMakeFiles/qbox.dir/systemc-components/common/src/uutils.cc.o:(.eh_frame+0x3f0)
           34d88            34d88       14     1         CMakeFiles/qbox.dir/systemc-components/common/src/uutils.cc.o:(.eh_frame+0x520)
           34d9c            34d9c       38     1         CMakeFiles/qbox.dir/systemc-components/common/src/uutils.cc.o:(.eh_frame+0x594)
           34dd4            34dd4       1c     1         CMakeFiles/qbox.dir/systemc-components/common/src/uutils.cc.o:(.eh_frame+0x6d0)
           34df0            34df0       84     1         CMakeFiles/qbox.dir/systemc-components/common/src/uutils.cc.o:(.eh_frame+0x7a4)
           34e74            34e74       84     1         CMakeFiles/qbox.dir/systemc-components/common/src/uutils.cc.o:(.eh_frame+0x888)
           34ef8            34ef8       70     1         CMakeFiles/qbox.dir/systemc-components/common/src/uutils.cc.o:(.eh_frame+0x978)
           34f68            34f68       e0     1         CMakeFiles/qbox.dir/systemc-components/common/src/uutils.cc.o:(.eh_frame+0xab4)
           35048            35048       4c     1         CMakeFiles/qbox.dir/systemc-components/common/src/uutils.cc.o:(.eh_frame+0xc24)
           35094            35094       4c     1         CMakeFiles/qbox.dir/systemc-components/common/src/uutils.cc.o:(.eh_frame+0xd18)
           350e0            350e0       1c     1         CMakeFiles/qbox.dir/systemc-components/common/src/uutils.cc.o:(.eh_frame+0xfe4)
           350fc            350fc       14     1         CMakeFiles/qbox.dir/systemc-components/common/src/memory_services.cc.o:(.eh_frame+0x54)
           35110            35110       90     1         CMakeFiles/qbox.dir/systemc-components/common/src/memory_services.cc.o:(.eh_frame+0x7c)
           351a0            351a0       4c     1         CMakeFiles/qbox.dir/systemc-components/common/src/memory_services.cc.o:(.eh_frame+0x204)
           351ec            351ec       28     1         CMakeFiles/qbox.dir/systemc-components/common/src/memory_services.cc.o:(.eh_frame+0x26c)
           35214            35214       18     1         CMakeFiles/qbox.dir/systemc-components/common/src/memory_services.cc.o:(.eh_frame+0x65c)
           3522c            3522c       20     1         CMakeFiles/qbox.dir/systemc-components/common/src/memory_services.cc.o:(.eh_frame+0x878)
           3524c            3524c       40     1         CMakeFiles/qbox.dir/systemc-components/common/src/libgssync/pre_suspending_sc_support.cc.o:(.eh_frame+0x140)
           3528c            3528c       14     1         CMakeFiles/qbox.dir/systemc-components/common/src/libgssync/qk_factory.cc.o:(.eh_frame+0x18)
           352a0            352a0      434     1         CMakeFiles/qbox.dir/systemc-components/common/src/libgssync/qk_factory.cc.o:(.eh_frame+0xa4)
           356d4            356d4      120     1         CMakeFiles/qbox.dir/systemc-components/common/src/libgssync/qk_factory.cc.o:(.eh_frame+0x4ec)
           357f4            357f4      1d0     1         CMakeFiles/qbox.dir/systemc-components/common/src/libgssync/qk_factory.cc.o:(.eh_frame+0x62c)
           359c4            359c4       ec     1         CMakeFiles/qbox.dir/systemc-components/common/src/libgssync/qk_factory.cc.o:(.eh_frame+0x994)
           35ab0            35ab0       34     1         CMakeFiles/qbox.dir/systemc-components/common/src/libgssync/qk_factory.cc.o:(.eh_frame+0xb1c)
           35ae4            35ae4       4c     1         CMakeFiles/qbox.dir/systemc-components/common/src/libgssync/qk_factory.cc.o:(.eh_frame+0xc44)
           35b30            35b30       68     1         CMakeFiles/qbox.dir/systemc-components/common/src/libgssync/qk_factory.cc.o:(.eh_frame+0xe14)
           35b98            35b98       40     1         CMakeFiles/qbox.dir/systemc-components/common/src/libgssync/qk_factory.cc.o:(.eh_frame+0xe98)
           35bd8            35bd8       78     1         CMakeFiles/qbox.dir/systemc-components/common/src/libgssync/qkmultithread.cc.o:(.eh_frame+0x130)
           35c50            35c50       50     1         CMakeFiles/qbox.dir/systemc-components/common/src/libgssync/qkmultithread.cc.o:(.eh_frame+0x23c)
           35ca0            35ca0       14     1         CMakeFiles/qbox.dir/systemc-components/common/src/libgssync/qkmultithread.cc.o:(.eh_frame+0x2a0)
           35cb4            35cb4       50     1         CMakeFiles/qbox.dir/systemc-components/common/src/libgssync/qkmultithread.cc.o:(.eh_frame+0x380)
           35d04            35d04       14     1         CMakeFiles/qbox.dir/systemc-components/common/src/libgssync/qkmultithread.cc.o:(.eh_frame+0x440)
           35d18            35d18       2c     1         CMakeFiles/qbox.dir/systemc-components/common/src/libgssync/qkmultithread.cc.o:(.eh_frame+0x588)
           35d44            35d44       4c     1         CMakeFiles/qbox.dir/systemc-components/common/src/libgssync/qkmultithread.cc.o:(.eh_frame+0x70c)
           35d90            35d90       1c     1         CMakeFiles/qbox.dir/systemc-components/common/src/libgssync/qkmultithread.cc.o:(.eh_frame+0xa14)
           35dac            35dac       40     1         CMakeFiles/qbox.dir/systemc-components/common/src/libgssync/qkmultithread.cc.o:(.eh_frame+0xbe0)
           35dec            35dec       14     1         CMakeFiles/qbox.dir/systemc-components/common/src/macs/backends/tap.cc.o:(.eh_frame+0xcc)
           35e00            35e00       30     1         CMakeFiles/qbox.dir/systemc-components/common/src/macs/backends/tap.cc.o:(.eh_frame+0x110)
           35e30            35e30       1c     1         CMakeFiles/qbox.dir/systemc-components/common/src/macs/backends/tap.cc.o:(.eh_frame+0x3cc)
           35e4c            35e4c       38     1         CMakeFiles/qbox.dir/systemc-components/common/src/macs/backends/tap.cc.o:(.eh_frame+0x424)
           35e84            35e84       54     1         CMakeFiles/qbox.dir/systemc-components/common/src/macs/backends/tap.cc.o:(.eh_frame+0x488)
           35ed8            35ed8       40     1         CMakeFiles/qbox.dir/systemc-components/common/src/macs/backends/tap.cc.o:(.eh_frame+0x730)
           35f18            35f18       b0     1         CMakeFiles/qbox.dir/systemc-components/common/src/macs/components/mac.cc.o:(.eh_frame+0x18)
           35fc8            35fc8       20     1         CMakeFiles/qbox.dir/systemc-components/common/src/macs/components/mac.cc.o:(.eh_frame+0x160)
           35fe8            35fe8       30     1         CMakeFiles/qbox.dir/systemc-components/common/src/macs/components/phy.cc.o:(.eh_frame+0xb8)
           36018            36018       30     1         CMakeFiles/qbox.dir/systemc-components/common/src/macs/components/phy.cc.o:(.eh_frame+0x11c)
           36048            36048       3c     1         CMakeFiles/qbox.dir/systemc-components/common/src/macs/components/phy.cc.o:(.eh_frame+0x46c)
           36084            36084       64     1         CMakeFiles/qbox.dir/qemu-components/common/src/libqemu-cxx/callbacks.cc.o:(.eh_frame+0x40)
           360e8            360e8       58     1         CMakeFiles/qbox.dir/qemu-components/common/src/libqemu-cxx/callbacks.cc.o:(.eh_frame+0xb8)
           36140            36140      2ac     1         CMakeFiles/qbox.dir/qemu-components/common/src/libqemu-cxx/console.cc.o:(.eh_frame+0x54)
           363ec            363ec       60     1         CMakeFiles/qbox.dir/qemu-components/common/src/libqemu-cxx/cpu.cc.o:(.eh_frame+0x54)
           3644c            3644c       dc     1         CMakeFiles/qbox.dir/qemu-components/common/src/libqemu-cxx/cpu.cc.o:(.eh_frame+0x110)
           36528            36528      158     1         CMakeFiles/qbox.dir/qemu-components/common/src/libqemu-cxx/cpu.cc.o:(.eh_frame+0x294)
           36680            36680       14     1         CMakeFiles/qbox.dir/qemu-components/common/src/libqemu-cxx/device.cc.o:(.eh_frame+0x18)
           36694            36694       14     1         CMakeFiles/qbox.dir/qemu-components/common/src/libqemu-cxx/device.cc.o:(.eh_frame+0x54)
           366a8            366a8      108     1         CMakeFiles/qbox.dir/qemu-components/common/src/libqemu-cxx/device.cc.o:(.eh_frame+0x7c)
           367b0            367b0       34     1         CMakeFiles/qbox.dir/qemu-components/common/src/libqemu-cxx/gpex.cc.o:(.eh_frame+0x54)
           367e4            367e4       34     1         CMakeFiles/qbox.dir/qemu-components/common/src/libqemu-cxx/gpio.cc.o:(.eh_frame+0x54)
           36818            36818       c8     1         CMakeFiles/qbox.dir/qemu-components/common/src/libqemu-cxx/libqemu-cxx.cc.o:(.eh_frame+0x40)
           368e0            368e0      204     1         CMakeFiles/qbox.dir/qemu-components/common/src/libqemu-cxx/libqemu-cxx.cc.o:(.eh_frame+0x11c)
           36ae4            36ae4       78     1         CMakeFiles/qbox.dir/qemu-components/common/src/libqemu-cxx/libqemu-cxx.cc.o:(.eh_frame+0x3a0)
           36b5c            36b5c       e8     1         CMakeFiles/qbox.dir/qemu-components/common/src/libqemu-cxx/libqemu-cxx.cc.o:(.eh_frame+0x590)
           36c44            36c44       64     1         CMakeFiles/qbox.dir/qemu-components/common/src/libqemu-cxx/libqemu-cxx.cc.o:(.eh_frame+0x7cc)
           36ca8            36ca8      3cc     1         CMakeFiles/qbox.dir/qemu-components/common/src/libqemu-cxx/libqemu-cxx.cc.o:(.eh_frame+0x8a4)
           37074            37074       f0     1         CMakeFiles/qbox.dir/qemu-components/common/src/libqemu-cxx/libqemu-cxx.cc.o:(.eh_frame+0xeb8)
           37164            37164       4c     1         CMakeFiles/qbox.dir/qemu-components/common/src/libqemu-cxx/libqemu-cxx.cc.o:(.eh_frame+0x101c)
           371b0            371b0       14     1         CMakeFiles/qbox.dir/qemu-components/common/src/libqemu-cxx/libqemu-cxx.cc.o:(.eh_frame+0x10dc)
           371c4            371c4       1c     1         CMakeFiles/qbox.dir/qemu-components/common/src/libqemu-cxx/libqemu-cxx.cc.o:(.eh_frame+0x11c8)
           371e0            371e0      130     1         CMakeFiles/qbox.dir/qemu-components/common/src/libqemu-cxx/loader.cc.o:(.eh_frame+0x18)
           37310            37310       5c     1         CMakeFiles/qbox.dir/qemu-components/common/src/libqemu-cxx/loader.cc.o:(.eh_frame+0x1bc)
           3736c            3736c       1c     1         CMakeFiles/qbox.dir/qemu-components/common/src/libqemu-cxx/memory.cc.o:(.eh_frame+0x68)
           37388            37388       4c     1         CMakeFiles/qbox.dir/qemu-components/common/src/libqemu-cxx/memory.cc.o:(.eh_frame+0x98)
           373d4            373d4       14     1         CMakeFiles/qbox.dir/qemu-components/common/src/libqemu-cxx/memory.cc.o:(.eh_frame+0x120)
           373e8            373e8       14     1         CMakeFiles/qbox.dir/qemu-components/common/src/libqemu-cxx/memory.cc.o:(.eh_frame+0x20c)
           373fc            373fc      130     1         CMakeFiles/qbox.dir/qemu-components/common/src/libqemu-cxx/memory.cc.o:(.eh_frame+0x318)
           3752c            3752c       c4     1         CMakeFiles/qbox.dir/qemu-components/common/src/libqemu-cxx/memory.cc.o:(.eh_frame+0x47c)
           375f0            375f0       80     1         CMakeFiles/qbox.dir/qemu-components/common/src/libqemu-cxx/memory.cc.o:(.eh_frame+0x588)
           37670            37670       14     1         CMakeFiles/qbox.dir/qemu-components/common/src/libqemu-cxx/memory.cc.o:(.eh_frame+0x654)
           37684            37684       3c     1         CMakeFiles/qbox.dir/qemu-components/common/src/libqemu-cxx/memory.cc.o:(.eh_frame+0x6c0)
           376c0            376c0      110     1         CMakeFiles/qbox.dir/qemu-components/common/src/libqemu-cxx/memory.cc.o:(.eh_frame+0x810)
           377d0            377d0       94     1         CMakeFiles/qbox.dir/qemu-components/common/src/libqemu-cxx/object.cc.o:(.eh_frame+0xac)
           37864            37864       1c     1         CMakeFiles/qbox.dir/qemu-components/common/src/libqemu-cxx/object.cc.o:(.eh_frame+0x1a8)
           37880            37880       3c     1         CMakeFiles/qbox.dir/qemu-components/common/src/libqemu-cxx/object.cc.o:(.eh_frame+0x26c)
           378bc            378bc       20     1         CMakeFiles/qbox.dir/qemu-components/common/src/libqemu-cxx/object.cc.o:(.eh_frame+0x650)
           378dc            378dc       58     1         CMakeFiles/qbox.dir/qemu-components/common/src/libqemu-cxx/rcu-read-lock.cc.o:(.eh_frame+0xe4)
           37934            37934       1c     1         CMakeFiles/qbox.dir/qemu-components/common/src/libqemu-cxx/rcu-read-lock.cc.o:(.eh_frame+0x1bc)
           37950            37950       30     1         CMakeFiles/qbox.dir/qemu-components/common/src/libqemu-cxx/sysbus.cc.o:(.eh_frame+0x84)
           37980            37980       44     1         CMakeFiles/qbox.dir/qemu-components/common/src/libqemu-cxx/target-info.cc.o:(.eh_frame+0x54)
           379c4            379c4       14     1         CMakeFiles/qbox.dir/qemu-components/common/src/libqemu-cxx/timer.cc.o:(.eh_frame+0x68)
           379d8            379d8       14     1         CMakeFiles/qbox.dir/qemu-components/common/src/libqemu-cxx/timer.cc.o:(.eh_frame+0x90)
           379ec            379ec       28     1         CMakeFiles/qbox.dir/qemu-components/common/src/libqemu-cxx/timer.cc.o:(.eh_frame+0x124)
           37a14            37a14       1c     1         CMakeFiles/qbox.dir/qemu-components/common/src/libqemu-cxx/timer.cc.o:(.eh_frame+0x194)
           37a30            37a30       d4     1         CMakeFiles/qbox.dir/qemu-components/common/src/libqemu-cxx/target/aarch64.cc.o:(.eh_frame+0x54)
           37b04            37b04       34     1         CMakeFiles/qbox.dir/qemu-components/common/src/libqemu-cxx/target/hexagon.cc.o:(.eh_frame+0x54)
           37b38            37b38       d4     1         CMakeFiles/qbox.dir/qemu-components/common/src/libqemu-cxx/target/riscv.cc.o:(.eh_frame+0x90)
           37c0c            37c0c       1c     1         CMakeFiles/qbox.dir/qemu-components/common/src/libqemu-cxx/target/microblaze.cc.o:(.eh_frame+0x54)
           37c28            37c28       84     1         CMakeFiles/qbox.dir/qemu-components/common/src/dmi_utils.cc.o:(.eh_frame+0x104)
           37cac            37cac       3c     1         CMakeFiles/qbox.dir/qemu-components/common/src/dmi_utils.cc.o:(.eh_frame+0x1c4)
           37ce8            37ce8       5c     1         CMakeFiles/qbox.dir/systemc-components/common/src/cciutils.cc.o:(.eh_frame+0x75c)
           37d44            37d44       f0     1         CMakeFiles/qbox.dir/systemc-components/common/src/cciutils.cc.o:(.eh_frame+0x8ac)
           37e34            37e34       50     1         CMakeFiles/qbox.dir/systemc-components/common/src/cciutils.cc.o:(.eh_frame+0x9b8)
           37e84            37e84       80     1         CMakeFiles/qbox.dir/systemc-components/common/src/cciutils.cc.o:(.eh_frame+0xa24)
           37f04            37f04       40     1         CMakeFiles/qbox.dir/systemc-components/common/src/cciutils.cc.o:(.eh_frame+0xbac)
           37f44            37f44       d0     1         CMakeFiles/qbox.dir/systemc-components/common/src/cciutils.cc.o:(.eh_frame+0xc54)
           38014            38014       60     1         CMakeFiles/qbox.dir/systemc-components/common/src/cciutils.cc.o:(.eh_frame+0xd50)
           38074            38074      19c     1         CMakeFiles/qbox.dir/systemc-components/common/src/cciutils.cc.o:(.eh_frame+0xde4)
           38210            38210       1c     1         CMakeFiles/qbox.dir/systemc-components/common/src/cciutils.cc.o:(.eh_frame+0x1064)
           3822c            3822c       50     1         CMakeFiles/qbox.dir/systemc-components/common/src/cciutils.cc.o:(.eh_frame+0x1114)
           3827c            3827c       78     1         CMakeFiles/qbox.dir/systemc-components/common/src/cciutils.cc.o:(.eh_frame+0x12c0)
           382f4            382f4       58     1         CMakeFiles/qbox.dir/systemc-components/common/src/cciutils.cc.o:(.eh_frame+0x1724)
           3834c            3834c       c8     1         CMakeFiles/qbox.dir/systemc-components/common/src/cciutils.cc.o:(.eh_frame+0x1838)
           38414            38414       64     1         CMakeFiles/qbox.dir/systemc-components/common/src/cciutils.cc.o:(.eh_frame+0x19e0)
           38478            38478       a4     1         CMakeFiles/qbox.dir/systemc-components/common/src/cciutils.cc.o:(.eh_frame+0x1a7c)
           3851c            3851c       54     1         CMakeFiles/qbox.dir/systemc-components/common/src/cciutils.cc.o:(.eh_frame+0x1bd0)
           38570            38570       44     1         CMakeFiles/qbox.dir/systemc-components/common/src/cciutils.cc.o:(.eh_frame+0x1ce4)
           385b4            385b4       48     1         CMakeFiles/qbox.dir/systemc-components/common/src/cciutils.cc.o:(.eh_frame+0x1e2c)
           385fc            385fc      1fc     1         CMakeFiles/qbox.dir/systemc-components/common/src/cciutils.cc.o:(.eh_frame+0x1f3c)
           387f8            387f8       ec     1         CMakeFiles/qbox.dir/systemc-components/common/src/cciutils.cc.o:(.eh_frame+0x2168)
           388e4            388e4       a8     1         CMakeFiles/qbox.dir/systemc-components/common/src/cciutils.cc.o:(.eh_frame+0x22e8)
           3898c            3898c       54     1         CMakeFiles/qbox.dir/systemc-components/common/src/cciutils.cc.o:(.eh_frame+0x23a4)
           389e0            389e0      380     1         CMakeFiles/qbox.dir/systemc-components/common/src/cciutils.cc.o:(.eh_frame+0x2494)
           38d60            38d60       f4     1         CMakeFiles/qbox.dir/systemc-components/common/src/cciutils.cc.o:(.eh_frame+0x2908)
           38e54            38e54      34c     1         CMakeFiles/qbox.dir/systemc-components/common/src/cciutils.cc.o:(.eh_frame+0x2a5c)
           391a0            391a0      140     1         CMakeFiles/qbox.dir/systemc-components/common/src/cciutils.cc.o:(.eh_frame+0x2df4)
           392e0            392e0      204     1         CMakeFiles/qbox.dir/systemc-components/common/src/cciutils.cc.o:(.eh_frame+0x2f68)
           394e4            394e4       50     1         CMakeFiles/qbox.dir/systemc-components/common/src/luautils.cc.o:(.eh_frame+0x158)
           39534            39534       50     1         CMakeFiles/qbox.dir/systemc-components/common/src/luautils.cc.o:(.eh_frame+0x1c4)
           39584            39584       d4     1         CMakeFiles/qbox.dir/systemc-components/common/src/luautils.cc.o:(.eh_frame+0x29c)
           39658            39658      180     1         CMakeFiles/qbox.dir/systemc-components/common/src/luautils.cc.o:(.eh_frame+0x3c8)
           397d8            397d8       78     1         CMakeFiles/qbox.dir/systemc-components/common/src/luautils.cc.o:(.eh_frame+0x564)
           39850            39850       40     1         CMakeFiles/qbox.dir/systemc-components/common/src/uutils.cc.o:(.eh_frame+0x1b0)
           39890            39890       30     1         CMakeFiles/qbox.dir/systemc-components/common/src/uutils.cc.o:(.eh_frame+0x2d8)
           398c0            398c0       20     1         CMakeFiles/qbox.dir/systemc-components/common/src/uutils.cc.o:(.eh_frame+0x3d0)
           398e0            398e0       60     1         CMakeFiles/qbox.dir/systemc-components/common/src/uutils.cc.o:(.eh_frame+0x4c0)
           39940            39940       60     1         CMakeFiles/qbox.dir/systemc-components/common/src/uutils.cc.o:(.eh_frame+0x534)
           399a0            399a0      104     1         CMakeFiles/qbox.dir/systemc-components/common/src/uutils.cc.o:(.eh_frame+0x5cc)
           39aa4            39aa4       b8     1         CMakeFiles/qbox.dir/systemc-components/common/src/uutils.cc.o:(.eh_frame+0x6ec)
           39b5c            39b5c       60     1         CMakeFiles/qbox.dir/systemc-components/common/src/uutils.cc.o:(.eh_frame+0x828)
           39bbc            39bbc       6c     1         CMakeFiles/qbox.dir/systemc-components/common/src/uutils.cc.o:(.eh_frame+0x90c)
           39c28            39c28       cc     1         CMakeFiles/qbox.dir/systemc-components/common/src/uutils.cc.o:(.eh_frame+0x9e8)
           39cf4            39cf4       90     1         CMakeFiles/qbox.dir/systemc-components/common/src/uutils.cc.o:(.eh_frame+0xb94)
           39d84            39d84       a8     1         CMakeFiles/qbox.dir/systemc-components/common/src/uutils.cc.o:(.eh_frame+0xc70)
           39e2c            39e2c      280     1         CMakeFiles/qbox.dir/systemc-components/common/src/uutils.cc.o:(.eh_frame+0xd64)
           3a0ac            3a0ac      3ac     1         CMakeFiles/qbox.dir/systemc-components/common/src/memory_services.cc.o:(.eh_frame+0x2b0)
           3a458            3a458       90     1         CMakeFiles/qbox.dir/systemc-components/common/src/memory_services.cc.o:(.eh_frame+0x674)
           3a4e8            3a4e8      158     1         CMakeFiles/qbox.dir/systemc-components/common/src/memory_services.cc.o:(.eh_frame+0x720)
           3a640            3a640      124     1         CMakeFiles/qbox.dir/systemc-components/common/src/libgssync/qk_factory.cc.o:(.eh_frame+0x870)
           3a764            3a764       30     1         CMakeFiles/qbox.dir/systemc-components/common/src/libgssync/qk_factory.cc.o:(.eh_frame+0xaec)
           3a794            3a794       64     1         CMakeFiles/qbox.dir/systemc-components/common/src/libgssync/qk_factory.cc.o:(.eh_frame+0xb50)
           3a7f8            3a7f8       38     1         CMakeFiles/qbox.dir/systemc-components/common/src/libgssync/qk_factory.cc.o:(.eh_frame+0xbd0)
           3a830            3a830       c4     1         CMakeFiles/qbox.dir/systemc-components/common/src/libgssync/qk_factory.cc.o:(.eh_frame+0xc90)
           3a8f4            3a8f4       a4     1         CMakeFiles/qbox.dir/systemc-components/common/src/libgssync/qk_factory.cc.o:(.eh_frame+0xd70)
           3a998            3a998       20     1         CMakeFiles/qbox.dir/systemc-components/common/src/libgssync/qkmultithread.cc.o:(.eh_frame+0x4f8)
           3a9b8            3a9b8       20     1         CMakeFiles/qbox.dir/systemc-components/common/src/libgssync/qkmultithread.cc.o:(.eh_frame+0x538)
           3a9d8            3a9d8       54     1         CMakeFiles/qbox.dir/systemc-components/common/src/libgssync/qkmultithread.cc.o:(.eh_frame+0x6b8)
           3aa2c            3aa2c      154     1         CMakeFiles/qbox.dir/systemc-components/common/src/libgssync/qkmultithread.cc.o:(.eh_frame+0x8a4)
           3ab80            3ab80      1b0     1         CMakeFiles/qbox.dir/systemc-components/common/src/libgssync/qkmultithread.cc.o:(.eh_frame+0xa30)
           3ad30            3ad30       58     1         CMakeFiles/qbox.dir/systemc-components/common/src/macs/backends/tap.cc.o:(.eh_frame+0x204)
           3ad88            3ad88       2c     1         CMakeFiles/qbox.dir/systemc-components/common/src/macs/backends/tap.cc.o:(.eh_frame+0x45c)
           3adb4            3adb4       58     1         CMakeFiles/qbox.dir/systemc-components/common/src/macs/backends/tap.cc.o:(.eh_frame+0x4dc)
           3ae0c            3ae0c      1c4     1         CMakeFiles/qbox.dir/systemc-components/common/src/macs/backends/tap.cc.o:(.eh_frame+0x550)
           3afd0            3afd0       78     1         CMakeFiles/qbox.dir/systemc-components/common/src/macs/components/mac.cc.o:(.eh_frame+0xe8)
           3b048            3b048      160     1         CMakeFiles/qbox.dir/systemc-components/common/src/macs/components/phy.cc.o:(.eh_frame+0x2f0)
           3b1a8            3b1a8       20     1         CMakeFiles/qbox.dir/qemu-components/common/src/libqemu-cxx/cpu.cc.o:(.eh_frame+0xd4)
           3b1c8            3b1c8       a8     1         CMakeFiles/qbox.dir/qemu-components/common/src/libqemu-cxx/cpu.cc.o:(.eh_frame+0x1ec)
           3b270            3b270      13c     1         CMakeFiles/qbox.dir/qemu-components/common/src/libqemu-cxx/cpu.cc.o:(.eh_frame+0x3ec)
           3b3ac            3b3ac      10c     1         CMakeFiles/qbox.dir/qemu-components/common/src/libqemu-cxx/device.cc.o:(.eh_frame+0x1a4)
           3b4b8            3b4b8       30     1         CMakeFiles/qbox.dir/qemu-components/common/src/libqemu-cxx/libqemu-cxx.cc.o:(.eh_frame+0x370)
           3b4e8            3b4e8      178     1         CMakeFiles/qbox.dir/qemu-components/common/src/libqemu-cxx/libqemu-cxx.cc.o:(.eh_frame+0x418)
           3b660            3b660       fc     1         CMakeFiles/qbox.dir/qemu-components/common/src/libqemu-cxx/libqemu-cxx.cc.o:(.eh_frame+0x6d0)
           3b75c            3b75c       74     1         CMakeFiles/qbox.dir/qemu-components/common/src/libqemu-cxx/libqemu-cxx.cc.o:(.eh_frame+0x830)
           3b7d0            3b7d0      210     1         CMakeFiles/qbox.dir/qemu-components/common/src/libqemu-cxx/libqemu-cxx.cc.o:(.eh_frame+0xca8)
           3b9e0            3b9e0       74     1         CMakeFiles/qbox.dir/qemu-components/common/src/libqemu-cxx/libqemu-cxx.cc.o:(.eh_frame+0xfa8)
           3ba54            3ba54       74     1         CMakeFiles/qbox.dir/qemu-components/common/src/libqemu-cxx/libqemu-cxx.cc.o:(.eh_frame+0x1068)
           3bac8            3bac8       d8     1         CMakeFiles/qbox.dir/qemu-components/common/src/libqemu-cxx/libqemu-cxx.cc.o:(.eh_frame+0x10f0)
           3bba0            3bba0      124     1         CMakeFiles/qbox.dir/qemu-components/common/src/libqemu-cxx/libqemu-cxx.cc.o:(.eh_frame+0x11e4)
           3bcc4            3bcc4       54     1         CMakeFiles/qbox.dir/qemu-components/common/src/libqemu-cxx/loader.cc.o:(.eh_frame+0x168)
           3bd18            3bd18       d8     1         CMakeFiles/qbox.dir/qemu-components/common/src/libqemu-cxx/memory.cc.o:(.eh_frame+0x134)
           3bdf0            3bdf0       f8     1         CMakeFiles/qbox.dir/qemu-components/common/src/libqemu-cxx/memory.cc.o:(.eh_frame+0x220)
           3bee8            3bee8       34     1         CMakeFiles/qbox.dir/qemu-components/common/src/libqemu-cxx/memory.cc.o:(.eh_frame+0x448)
[...]
           18716            18716     1b98     1         CMakeFiles/qbox.dir/qemu-components/common/src/libqemu-cxx/libqemu-cxx.cc.o:(.debug_abbrev)
           1a2ae            1a2ae     12c3     1         CMakeFiles/qbox.dir/qemu-components/common/src/libqemu-cxx/loader.cc.o:(.debug_abbrev)
           1b571            1b571     1951     1         CMakeFiles/qbox.dir/qemu-components/common/src/libqemu-cxx/memory.cc.o:(.debug_abbrev)
           1cec2            1cec2     1657     1         CMakeFiles/qbox.dir/qemu-components/common/src/libqemu-cxx/object.cc.o:(.debug_abbrev)
           1e519            1e519     13b1     1         CMakeFiles/qbox.dir/qemu-components/common/src/libqemu-cxx/rcu-read-lock.cc.o:(.debug_abbrev)
           1f8ca            1f8ca     13e5     1         CMakeFiles/qbox.dir/qemu-components/common/src/libqemu-cxx/sysbus.cc.o:(.debug_abbrev)
           20caf            20caf      b97     1         CMakeFiles/qbox.dir/qemu-components/common/src/libqemu-cxx/target-info.cc.o:(.debug_abbrev)
           21846            21846     1446     1         CMakeFiles/qbox.dir/qemu-components/common/src/libqemu-cxx/timer.cc.o:(.debug_abbrev)
           22c8c            22c8c     1240     1         CMakeFiles/qbox.dir/qemu-components/common/src/libqemu-cxx/target/aarch64.cc.o:(.debug_abbrev)
           23ecc            23ecc     123b     1         CMakeFiles/qbox.dir/qemu-components/common/src/libqemu-cxx/target/hexagon.cc.o:(.debug_abbrev)
           25107            25107     1605     1         CMakeFiles/qbox.dir/qemu-components/common/src/libqemu-cxx/target/riscv.cc.o:(.debug_abbrev)
           2670c            2670c      b5d     1         CMakeFiles/qbox.dir/qemu-components/common/src/libqemu-cxx/target/microblaze.cc.o:(.debug_abbrev)
           27269            27269     1886     1         CMakeFiles/qbox.dir/qemu-components/common/src/dmi_utils.cc.o:(.debug_abbrev)
               0                0    dcb58     1 .debug_loclists
               0                0    60ed9     1         CMakeFiles/qbox.dir/systemc-components/common/src/cciutils.cc.o:(.debug_loclists)
           60ed9            60ed9     c06e     1         CMakeFiles/qbox.dir/systemc-components/common/src/luautils.cc.o:(.debug_loclists)
           6cf47            6cf47    11010     1         CMakeFiles/qbox.dir/systemc-components/common/src/uutils.cc.o:(.debug_loclists)
           7df57            7df57     d890     1         CMakeFiles/qbox.dir/systemc-components/common/src/memory_services.cc.o:(.debug_loclists)
           8b7e7            8b7e7      82b     1         CMakeFiles/qbox.dir/systemc-components/common/src/libgssync/pre_suspending_sc_support.cc.o:(.debug_loclists)
           8c012            8c012     8ea7     1         CMakeFiles/qbox.dir/systemc-components/common/src/libgssync/qk_factory.cc.o:(.debug_loclists)
           94eb9            94eb9     b5ad     1         CMakeFiles/qbox.dir/systemc-components/common/src/libgssync/qkmultithread.cc.o:(.debug_loclists)
           a0466            a0466     696d     1         CMakeFiles/qbox.dir/systemc-components/common/src/macs/backends/tap.cc.o:(.debug_loclists)
           a6dd3            a6dd3     2274     1         CMakeFiles/qbox.dir/systemc-components/common/src/macs/components/mac.cc.o:(.debug_loclists)
           a9047            a9047     38e5     1         CMakeFiles/qbox.dir/systemc-components/common/src/macs/components/phy.cc.o:(.debug_loclists)
           ac92c            ac92c     10bf     1         CMakeFiles/qbox.dir/qemu-components/common/src/libqemu-cxx/callbacks.cc.o:(.debug_loclists)
           ad9eb            ad9eb     1263     1         CMakeFiles/qbox.dir/qemu-components/common/src/libqemu-cxx/console.cc.o:(.debug_loclists)
           aec4e            aec4e     2754     1         CMakeFiles/qbox.dir/qemu-components/common/src/libqemu-cxx/cpu.cc.o:(.debug_loclists)
           b13a2            b13a2      ef0     1         CMakeFiles/qbox.dir/qemu-components/common/src/libqemu-cxx/device.cc.o:(.debug_loclists)
           b2292            b2292       e3     1         CMakeFiles/qbox.dir/qemu-components/common/src/libqemu-cxx/gpex.cc.o:(.debug_loclists)
           b2375            b2375       c8     1         CMakeFiles/qbox.dir/qemu-components/common/src/libqemu-cxx/gpio.cc.o:(.debug_loclists)
           b243d            b243d    15d97     1         CMakeFiles/qbox.dir/qemu-components/common/src/libqemu-cxx/libqemu-cxx.cc.o:(.debug_loclists)
           c81d4            c81d4     1a60     1         CMakeFiles/qbox.dir/qemu-components/common/src/libqemu-cxx/loader.cc.o:(.debug_loclists)
           c9c34            c9c34     9be6     1         CMakeFiles/qbox.dir/qemu-components/common/src/libqemu-cxx/memory.cc.o:(.debug_loclists)
           d381a            d381a     5726     1         CMakeFiles/qbox.dir/qemu-components/common/src/libqemu-cxx/object.cc.o:(.debug_loclists)
           d8f40            d8f40      ae7     1         CMakeFiles/qbox.dir/qemu-components/common/src/libqemu-cxx/rcu-read-lock.cc.o:(.debug_loclists)
           d9a27            d9a27      3ad     1         CMakeFiles/qbox.dir/qemu-components/common/src/libqemu-cxx/sysbus.cc.o:(.debug_loclists)
           d9dd4            d9dd4       36     1         CMakeFiles/qbox.dir/qemu-components/common/src/libqemu-cxx/target-info.cc.o:(.debug_loclists)
           d9e0a            d9e0a      89b     1         CMakeFiles/qbox.dir/qemu-components/common/src/libqemu-cxx/timer.cc.o:(.debug_loclists)
           da6a5            da6a5      3d5     1         CMakeFiles/qbox.dir/qemu-components/common/src/libqemu-cxx/target/aarch64.cc.o:(.debug_loclists)
           daa7a            daa7a       94     1         CMakeFiles/qbox.dir/qemu-components/common/src/libqemu-cxx/target/hexagon.cc.o:(.debug_loclists)
           dab0e            dab0e     10fa     1         CMakeFiles/qbox.dir/qemu-components/common/src/libqemu-cxx/target/riscv.cc.o:(.debug_loclists)
           dbc08            dbc08       36     1         CMakeFiles/qbox.dir/qemu-components/common/src/libqemu-cxx/target/microblaze.cc.o:(.debug_loclists)
           dbc3e            dbc3e      f1a     1         CMakeFiles/qbox.dir/qemu-components/common/src/dmi_utils.cc.o:(.debug_loclists)
               0                0     2f30     1 .debug_aranges
               0                0      b30     1         CMakeFiles/qbox.dir/systemc-components/common/src/cciutils.cc.o:(.debug_aranges)
             b30              b30      130     1         CMakeFiles/qbox.dir/systemc-components/common/src/luautils.cc.o:(.debug_aranges)
             c60              c60      200     1         CMakeFiles/qbox.dir/systemc-components/common/src/uutils.cc.o:(.debug_aranges)
             e60              e60      130     1         CMakeFiles/qbox.dir/systemc-components/common/src/memory_services.cc.o:(.debug_aranges)
             f90              f90       d0     1         CMakeFiles/qbox.dir/systemc-components/common/src/libgssync/pre_suspending_sc_support.cc.o:(.debug_aranges)
            1060             1060      6e0     1         CMakeFiles/qbox.dir/systemc-components/common/src/libgssync/qk_factory.cc.o:(.debug_aranges)
            1740             1740      3b0     1         CMakeFiles/qbox.dir/systemc-components/common/src/libgssync/qkmultithread.cc.o:(.debug_aranges)
            1af0             1af0      230     1         CMakeFiles/qbox.dir/systemc-components/common/src/macs/backends/tap.cc.o:(.debug_aranges)
            1d20             1d20       60     1         CMakeFiles/qbox.dir/systemc-components/common/src/macs/components/mac.cc.o:(.debug_aranges)
            1d80             1d80      180     1         CMakeFiles/qbox.dir/systemc-components/common/src/macs/components/phy.cc.o:(.debug_aranges)
            1f00             1f00       70     1         CMakeFiles/qbox.dir/qemu-components/common/src/libqemu-cxx/callbacks.cc.o:(.debug_aranges)
            1f70             1f70       70     1         CMakeFiles/qbox.dir/qemu-components/common/src/libqemu-cxx/console.cc.o:(.debug_aranges)
            1fe0             1fe0       f0     1         CMakeFiles/qbox.dir/qemu-components/common/src/libqemu-cxx/cpu.cc.o:(.debug_aranges)
            20d0             20d0       e0     1         CMakeFiles/qbox.dir/qemu-components/common/src/libqemu-cxx/device.cc.o:(.debug_aranges)
            21b0             21b0       70     1         CMakeFiles/qbox.dir/qemu-components/common/src/libqemu-cxx/gpex.cc.o:(.debug_aranges)
            2220             2220       70     1         CMakeFiles/qbox.dir/qemu-components/common/src/libqemu-cxx/gpio.cc.o:(.debug_aranges)
            2290             2290      440     1         CMakeFiles/qbox.dir/qemu-components/common/src/libqemu-cxx/libqemu-cxx.cc.o:(.debug_aranges)
            26d0             26d0      110     1         CMakeFiles/qbox.dir/qemu-components/common/src/libqemu-cxx/loader.cc.o:(.debug_aranges)
            27e0             27e0       f0     1         CMakeFiles/qbox.dir/qemu-components/common/src/libqemu-cxx/memory.cc.o:(.debug_aranges)
            28d0             28d0      130     1         CMakeFiles/qbox.dir/qemu-components/common/src/libqemu-cxx/object.cc.o:(.debug_aranges)
            2a00             2a00       b0     1         CMakeFiles/qbox.dir/qemu-components/common/src/libqemu-cxx/rcu-read-lock.cc.o:(.debug_aranges)
            2ab0             2ab0       a0     1         CMakeFiles/qbox.dir/qemu-components/common/src/libqemu-cxx/sysbus.cc.o:(.debug_aranges)
            2b50             2b50       70     1         CMakeFiles/qbox.dir/qemu-components/common/src/libqemu-cxx/target-info.cc.o:(.debug_aranges)
            2bc0             2bc0       a0     1         CMakeFiles/qbox.dir/qemu-components/common/src/libqemu-cxx/timer.cc.o:(.debug_aranges)
            2c60             2c60       70     1         CMakeFiles/qbox.dir/qemu-components/common/src/libqemu-cxx/target/aarch64.cc.o:(.debug_aranges)
            2cd0             2cd0       70     1         CMakeFiles/qbox.dir/qemu-components/common/src/libqemu-cxx/target/hexagon.cc.o:(.debug_aranges)
            2d40             2d40       b0     1         CMakeFiles/qbox.dir/qemu-components/common/src/libqemu-cxx/target/riscv.cc.o:(.debug_aranges)
            2df0             2df0       60     1         CMakeFiles/qbox.dir/qemu-components/common/src/libqemu-cxx/target/microblaze.cc.o:(.debug_aranges)
            2e50             2e50       e0     1         CMakeFiles/qbox.dir/qemu-components/common/src/dmi_utils.cc.o:(.debug_aranges)
               0                0    2a5b6     1 .debug_rnglists
               0                0    114ca     1         CMakeFiles/qbox.dir/systemc-components/common/src/cciutils.cc.o:(.debug_rnglists)
           114ca            114ca     2c25     1         CMakeFiles/qbox.dir/systemc-components/common/src/luautils.cc.o:(.debug_rnglists)
           140ef            140ef     2d12     1         CMakeFiles/qbox.dir/systemc-components/common/src/uutils.cc.o:(.debug_rnglists)
           16e01            16e01     310c     1         CMakeFiles/qbox.dir/systemc-components/common/src/memory_services.cc.o:(.debug_rnglists)
           19f0d            19f0d      1b5     1         CMakeFiles/qbox.dir/systemc-components/common/src/libgssync/pre_suspending_sc_support.cc.o:(.debug_rnglists)
           1a0c2            1a0c2     212b     1         CMakeFiles/qbox.dir/systemc-components/common/src/libgssync/qk_factory.cc.o:(.debug_rnglists)
           1c1ed            1c1ed     2a33     1         CMakeFiles/qbox.dir/systemc-components/common/src/libgssync/qkmultithread.cc.o:(.debug_rnglists)
           1ec20            1ec20     1765     1         CMakeFiles/qbox.dir/systemc-components/common/src/macs/backends/tap.cc.o:(.debug_rnglists)
           20385            20385      553     1         CMakeFiles/qbox.dir/systemc-components/common/src/macs/components/mac.cc.o:(.debug_rnglists)
           208d8            208d8      ef3     1         CMakeFiles/qbox.dir/systemc-components/common/src/macs/components/phy.cc.o:(.debug_rnglists)
           217cb            217cb      277     1         CMakeFiles/qbox.dir/qemu-components/common/src/libqemu-cxx/callbacks.cc.o:(.debug_rnglists)
           21a42            21a42       d3     1         CMakeFiles/qbox.dir/qemu-components/common/src/libqemu-cxx/console.cc.o:(.debug_rnglists)
           21b15            21b15      65a     1         CMakeFiles/qbox.dir/qemu-components/common/src/libqemu-cxx/cpu.cc.o:(.debug_rnglists)
           2216f            2216f      271     1         CMakeFiles/qbox.dir/qemu-components/common/src/libqemu-cxx/device.cc.o:(.debug_rnglists)
           223e0            223e0       52     1         CMakeFiles/qbox.dir/qemu-components/common/src/libqemu-cxx/gpex.cc.o:(.debug_rnglists)
           22432            22432       52     1         CMakeFiles/qbox.dir/qemu-components/common/src/libqemu-cxx/gpio.cc.o:(.debug_rnglists)
           22484            22484     3dc5     1         CMakeFiles/qbox.dir/qemu-components/common/src/libqemu-cxx/libqemu-cxx.cc.o:(.debug_rnglists)
           26249            26249      59a     1         CMakeFiles/qbox.dir/qemu-components/common/src/libqemu-cxx/loader.cc.o:(.debug_rnglists)
           267e3            267e3     1e60     1         CMakeFiles/qbox.dir/qemu-components/common/src/libqemu-cxx/memory.cc.o:(.debug_rnglists)
           28643            28643     103c     1         CMakeFiles/qbox.dir/qemu-components/common/src/libqemu-cxx/object.cc.o:(.debug_rnglists)
           2967f            2967f      383     1         CMakeFiles/qbox.dir/qemu-components/common/src/libqemu-cxx/rcu-read-lock.cc.o:(.debug_rnglists)
           29a02            29a02       fa     1         CMakeFiles/qbox.dir/qemu-components/common/src/libqemu-cxx/sysbus.cc.o:(.debug_rnglists)
           29afc            29afc       53     1         CMakeFiles/qbox.dir/qemu-components/common/src/libqemu-cxx/target-info.cc.o:(.debug_rnglists)
           29b4f            29b4f      24d     1         CMakeFiles/qbox.dir/qemu-components/common/src/libqemu-cxx/timer.cc.o:(.debug_rnglists)
           29d9c            29d9c       53     1         CMakeFiles/qbox.dir/qemu-components/common/src/libqemu-cxx/target/aarch64.cc.o:(.debug_rnglists)
           29def            29def       52     1         CMakeFiles/qbox.dir/qemu-components/common/src/libqemu-cxx/target/hexagon.cc.o:(.debug_rnglists)
           29e41            29e41      385     1         CMakeFiles/qbox.dir/qemu-components/common/src/libqemu-cxx/target/riscv.cc.o:(.debug_rnglists)
           2a1c6            2a1c6       48     1         CMakeFiles/qbox.dir/qemu-components/common/src/libqemu-cxx/target/microblaze.cc.o:(.debug_rnglists)
           2a20e            2a20e      3a8     1         CMakeFiles/qbox.dir/qemu-components/common/src/dmi_utils.cc.o:(.debug_rnglists)
               0                0    6966e     1 .debug_line
               0                0    27d07     1         CMakeFiles/qbox.dir/systemc-components/common/src/cciutils.cc.o:(.debug_line)
           27d07            27d07     619e     1         CMakeFiles/qbox.dir/systemc-components/common/src/luautils.cc.o:(.debug_line)
           2dea5            2dea5     7aa7     1         CMakeFiles/qbox.dir/systemc-components/common/src/uutils.cc.o:(.debug_line)
           3594c            3594c     6c8f     1         CMakeFiles/qbox.dir/systemc-components/common/src/memory_services.cc.o:(.debug_line)
           3c5db            3c5db      992     1         CMakeFiles/qbox.dir/systemc-components/common/src/libgssync/pre_suspending_sc_support.cc.o:(.debug_line)
           3cf6d            3cf6d     6469     1         CMakeFiles/qbox.dir/systemc-components/common/src/libgssync/qk_factory.cc.o:(.debug_line)
           433d6            433d6     6da1     1         CMakeFiles/qbox.dir/systemc-components/common/src/libgssync/qkmultithread.cc.o:(.debug_line)
           4a177            4a177     3cc2     1         CMakeFiles/qbox.dir/systemc-components/common/src/macs/backends/tap.cc.o:(.debug_line)
           4de39            4de39      dc0     1         CMakeFiles/qbox.dir/systemc-components/common/src/macs/components/mac.cc.o:(.debug_line)
           4ebf9            4ebf9     2766     1         CMakeFiles/qbox.dir/systemc-components/common/src/macs/components/phy.cc.o:(.debug_line)
           5135f            5135f      a30     1         CMakeFiles/qbox.dir/qemu-components/common/src/libqemu-cxx/callbacks.cc.o:(.debug_line)
           51d8f            51d8f      cbc     1         CMakeFiles/qbox.dir/qemu-components/common/src/libqemu-cxx/console.cc.o:(.debug_line)
           52a4b            52a4b     14a8     1         CMakeFiles/qbox.dir/qemu-components/common/src/libqemu-cxx/cpu.cc.o:(.debug_line)
           53ef3            53ef3      a31     1         CMakeFiles/qbox.dir/qemu-components/common/src/libqemu-cxx/device.cc.o:(.debug_line)
           54924            54924      3a0     1         CMakeFiles/qbox.dir/qemu-components/common/src/libqemu-cxx/gpex.cc.o:(.debug_line)
           54cc4            54cc4      39f     1         CMakeFiles/qbox.dir/qemu-components/common/src/libqemu-cxx/gpio.cc.o:(.debug_line)
           55063            55063     8b3b     1         CMakeFiles/qbox.dir/qemu-components/common/src/libqemu-cxx/libqemu-cxx.cc.o:(.debug_line)
           5db9e            5db9e     11bf     1         CMakeFiles/qbox.dir/qemu-components/common/src/libqemu-cxx/loader.cc.o:(.debug_line)
           5ed5d            5ed5d     437c     1         CMakeFiles/qbox.dir/qemu-components/common/src/libqemu-cxx/memory.cc.o:(.debug_line)
           630d9            630d9     2670     1         CMakeFiles/qbox.dir/qemu-components/common/src/libqemu-cxx/object.cc.o:(.debug_line)
           65749            65749      9e5     1         CMakeFiles/qbox.dir/qemu-components/common/src/libqemu-cxx/rcu-read-lock.cc.o:(.debug_line)
           6612e            6612e      570     1         CMakeFiles/qbox.dir/qemu-components/common/src/libqemu-cxx/sysbus.cc.o:(.debug_line)
           6669e            6669e      353     1         CMakeFiles/qbox.dir/qemu-components/common/src/libqemu-cxx/target-info.cc.o:(.debug_line)
           669f1            669f1      823     1         CMakeFiles/qbox.dir/qemu-components/common/src/libqemu-cxx/timer.cc.o:(.debug_line)
           67214            67214      584     1         CMakeFiles/qbox.dir/qemu-components/common/src/libqemu-cxx/target/aarch64.cc.o:(.debug_line)
           67798            67798      3a8     1         CMakeFiles/qbox.dir/qemu-components/common/src/libqemu-cxx/target/hexagon.cc.o:(.debug_line)
           67b40            67b40      adb     1         CMakeFiles/qbox.dir/qemu-components/common/src/libqemu-cxx/target/riscv.cc.o:(.debug_line)
           6861b            6861b      2a6     1         CMakeFiles/qbox.dir/qemu-components/common/src/libqemu-cxx/target/microblaze.cc.o:(.debug_line)
           688c1            688c1      dad     1         CMakeFiles/qbox.dir/qemu-components/common/src/dmi_utils.cc.o:(.debug_line)
               0                0   2b0138     1 .debug_str
               0                0   2b0138     1         <internal>:(.debug_str)
               0                0     27c2     1 .debug_line_str
               0                0     27c2     1         <internal>:(.debug_line_str)
               0                0     a998     8 .symtab
               0                0     a998     8         <internal>:(.symtab)
               0                0      1bc     1 .shstrtab
               0                0      1bc     1         <internal>:(.shstrtab)
               0                0    1bbc0     1 .strtab
               0                0    1bbc0     1         <internal>:(.strtab)
